Component: Arm Compiler for Embedded 6.23 Tool: armlink [5f102400]

==============================================================================

Section Cross References

    startup_stm32f103xb.o(RESET) refers to startup_stm32f103xb.o(STACK) for __initial_sp
    startup_stm32f103xb.o(RESET) refers to startup_stm32f103xb.o(.text) for Reset_Handler
    startup_stm32f103xb.o(RESET) refers to stm32f1xx_it.o(.text.NMI_Handler) for NMI_Handler
    startup_stm32f103xb.o(RESET) refers to stm32f1xx_it.o(.text.HardFault_Handler) for HardFault_Handler
    startup_stm32f103xb.o(RESET) refers to stm32f1xx_it.o(.text.MemManage_Handler) for MemManage_Handler
    startup_stm32f103xb.o(RESET) refers to stm32f1xx_it.o(.text.BusFault_Handler) for BusFault_Handler
    startup_stm32f103xb.o(RESET) refers to stm32f1xx_it.o(.text.UsageFault_Handler) for UsageFault_Handler
    startup_stm32f103xb.o(RESET) refers to stm32f1xx_it.o(.text.SVC_Handler) for SVC_Handler
    startup_stm32f103xb.o(RESET) refers to stm32f1xx_it.o(.text.DebugMon_Handler) for DebugMon_Handler
    startup_stm32f103xb.o(RESET) refers to stm32f1xx_it.o(.text.PendSV_Handler) for PendSV_Handler
    startup_stm32f103xb.o(RESET) refers to stm32f1xx_it.o(.text.SysTick_Handler) for SysTick_Handler
    startup_stm32f103xb.o(RESET) refers to stm32f1xx_it.o(.text.DMA1_Channel1_IRQHandler) for DMA1_Channel1_IRQHandler
    startup_stm32f103xb.o(RESET) refers to stm32f1xx_it.o(.text.USART1_IRQHandler) for USART1_IRQHandler
    startup_stm32f103xb.o(.text) refers to system_stm32f1xx.o(.text.SystemInit) for SystemInit
    startup_stm32f103xb.o(.text) refers to entry.o(.ARM.Collect$$$$00000000) for __main
    lcd.o(.text.LCD_WR_REG) refers to stm32f1xx_hal_gpio.o(.text.HAL_GPIO_WritePin) for HAL_GPIO_WritePin
    lcd.o(.text.LCD_WR_REG) refers to spi.o(.bss.hspi2) for hspi2
    lcd.o(.text.LCD_WR_REG) refers to stm32f1xx_hal_spi.o(.text.HAL_SPI_Transmit) for HAL_SPI_Transmit
    lcd.o(.ARM.exidx.text.LCD_WR_REG) refers to lcd.o(.text.LCD_WR_REG) for [Anonymous Symbol]
    lcd.o(.text.LCD_WR_DATA) refers to stm32f1xx_hal_gpio.o(.text.HAL_GPIO_WritePin) for HAL_GPIO_WritePin
    lcd.o(.text.LCD_WR_DATA) refers to spi.o(.bss.hspi2) for hspi2
    lcd.o(.text.LCD_WR_DATA) refers to stm32f1xx_hal_spi.o(.text.HAL_SPI_Transmit) for HAL_SPI_Transmit
    lcd.o(.ARM.exidx.text.LCD_WR_DATA) refers to lcd.o(.text.LCD_WR_DATA) for [Anonymous Symbol]
    lcd.o(.text.LCD_WriteReg) refers to stm32f1xx_hal_gpio.o(.text.HAL_GPIO_WritePin) for HAL_GPIO_WritePin
    lcd.o(.text.LCD_WriteReg) refers to spi.o(.bss.hspi2) for hspi2
    lcd.o(.text.LCD_WriteReg) refers to stm32f1xx_hal_spi.o(.text.HAL_SPI_Transmit) for HAL_SPI_Transmit
    lcd.o(.ARM.exidx.text.LCD_WriteReg) refers to lcd.o(.text.LCD_WriteReg) for [Anonymous Symbol]
    lcd.o(.text.LCD_WriteRAM_Prepare) refers to lcd.o(.bss..L_MergedGlobals) for .L_MergedGlobals
    lcd.o(.text.LCD_WriteRAM_Prepare) refers to stm32f1xx_hal_gpio.o(.text.HAL_GPIO_WritePin) for HAL_GPIO_WritePin
    lcd.o(.text.LCD_WriteRAM_Prepare) refers to spi.o(.bss.hspi2) for hspi2
    lcd.o(.text.LCD_WriteRAM_Prepare) refers to stm32f1xx_hal_spi.o(.text.HAL_SPI_Transmit) for HAL_SPI_Transmit
    lcd.o(.ARM.exidx.text.LCD_WriteRAM_Prepare) refers to lcd.o(.text.LCD_WriteRAM_Prepare) for [Anonymous Symbol]
    lcd.o(.text.LCD_WriteData_16Bit) refers to stm32f1xx_hal_gpio.o(.text.HAL_GPIO_WritePin) for HAL_GPIO_WritePin
    lcd.o(.text.LCD_WriteData_16Bit) refers to spi.o(.bss.hspi2) for hspi2
    lcd.o(.text.LCD_WriteData_16Bit) refers to stm32f1xx_hal_spi.o(.text.HAL_SPI_Transmit) for HAL_SPI_Transmit
    lcd.o(.ARM.exidx.text.LCD_WriteData_16Bit) refers to lcd.o(.text.LCD_WriteData_16Bit) for [Anonymous Symbol]
    lcd.o(.text.LCD_SetWindows) refers to lcd.o(.bss..L_MergedGlobals) for .L_MergedGlobals
    lcd.o(.text.LCD_SetWindows) refers to stm32f1xx_hal_gpio.o(.text.HAL_GPIO_WritePin) for HAL_GPIO_WritePin
    lcd.o(.text.LCD_SetWindows) refers to spi.o(.bss.hspi2) for hspi2
    lcd.o(.text.LCD_SetWindows) refers to stm32f1xx_hal_spi.o(.text.HAL_SPI_Transmit) for HAL_SPI_Transmit
    lcd.o(.ARM.exidx.text.LCD_SetWindows) refers to lcd.o(.text.LCD_SetWindows) for [Anonymous Symbol]
    lcd.o(.text.LCD_SetCursor) refers to lcd.o(.text.LCD_SetWindows) for LCD_SetWindows
    lcd.o(.ARM.exidx.text.LCD_SetCursor) refers to lcd.o(.text.LCD_SetCursor) for [Anonymous Symbol]
    lcd.o(.text.LCD_DrawPoint) refers to lcd.o(.text.LCD_SetWindows) for LCD_SetWindows
    lcd.o(.text.LCD_DrawPoint) refers to lcd.o(.bss..L_MergedGlobals) for .L_MergedGlobals
    lcd.o(.text.LCD_DrawPoint) refers to stm32f1xx_hal_gpio.o(.text.HAL_GPIO_WritePin) for HAL_GPIO_WritePin
    lcd.o(.text.LCD_DrawPoint) refers to spi.o(.bss.hspi2) for hspi2
    lcd.o(.text.LCD_DrawPoint) refers to stm32f1xx_hal_spi.o(.text.HAL_SPI_Transmit) for HAL_SPI_Transmit
    lcd.o(.ARM.exidx.text.LCD_DrawPoint) refers to lcd.o(.text.LCD_DrawPoint) for [Anonymous Symbol]
[...]
    Removing transformfunctionsf16.o(.text.arm_mfcc_init_4096_f16), (82 bytes).
    Removing transformfunctionsf16.o(.ARM.exidx.text.arm_mfcc_init_4096_f16), (8 bytes).
    Removing transformfunctionsf16.o(.text.arm_mfcc_f16), (296 bytes).
    Removing transformfunctionsf16.o(.ARM.exidx.text.arm_mfcc_f16), (8 bytes).
    Removing transformfunctionsf16.o(.text.arm_cfft_radix2_init_f16), (204 bytes).
    Removing transformfunctionsf16.o(.ARM.exidx.text.arm_cfft_radix2_init_f16), (8 bytes).
    Removing transformfunctionsf16.o(.text.arm_cfft_radix4_init_f16), (130 bytes).
    Removing transformfunctionsf16.o(.ARM.exidx.text.arm_cfft_radix4_init_f16), (8 bytes).
    Removing windowfunctions.o(.text), (0 bytes).
    Removing windowfunctions.o(.text.arm_welch_f32), (368 bytes).
    Removing windowfunctions.o(.ARM.exidx.text.arm_welch_f32), (8 bytes).
    Removing windowfunctions.o(.text.arm_welch_f64), (498 bytes).
    Removing windowfunctions.o(.ARM.exidx.text.arm_welch_f64), (8 bytes).
    Removing windowfunctions.o(.text.arm_bartlett_f32), (414 bytes).
    Removing windowfunctions.o(.ARM.exidx.text.arm_bartlett_f32), (8 bytes).
    Removing windowfunctions.o(.text.arm_bartlett_f64), (576 bytes).
    Removing windowfunctions.o(.ARM.exidx.text.arm_bartlett_f64), (8 bytes).
    Removing windowfunctions.o(.text.arm_hamming_f32), (462 bytes).
    Removing windowfunctions.o(.ARM.exidx.text.arm_hamming_f32), (8 bytes).
    Removing windowfunctions.o(.text.arm_hamming_f64), (710 bytes).
    Removing windowfunctions.o(.ARM.exidx.text.arm_hamming_f64), (8 bytes).
    Removing windowfunctions.o(.text.arm_hanning_f32), (434 bytes).
    Removing windowfunctions.o(.ARM.exidx.text.arm_hanning_f32), (8 bytes).
    Removing windowfunctions.o(.text.arm_hanning_f64), (614 bytes).
    Removing windowfunctions.o(.ARM.exidx.text.arm_hanning_f64), (8 bytes).
    Removing windowfunctions.o(.text.arm_nuttall3_f32), (664 bytes).
    Removing windowfunctions.o(.ARM.exidx.text.arm_nuttall3_f32), (8 bytes).
    Removing windowfunctions.o(.text.arm_nuttall3_f64), (950 bytes).
    Removing windowfunctions.o(.ARM.exidx.text.arm_nuttall3_f64), (8 bytes).
    Removing windowfunctions.o(.text.arm_nuttall4_f32), (918 bytes).
    Removing windowfunctions.o(.ARM.exidx.text.arm_nuttall4_f32), (8 bytes).
    Removing windowfunctions.o(.text.arm_nuttall4_f64), (1288 bytes).
    Removing windowfunctions.o(.ARM.exidx.text.arm_nuttall4_f64), (8 bytes).
    Removing windowfunctions.o(.text.arm_nuttall3a_f32), (694 bytes).
    Removing windowfunctions.o(.ARM.exidx.text.arm_nuttall3a_f32), (8 bytes).
    Removing windowfunctions.o(.text.arm_nuttall3a_f64), (1080 bytes).
    Removing windowfunctions.o(.ARM.exidx.text.arm_nuttall3a_f64), (8 bytes).
    Removing windowfunctions.o(.text.arm_nuttall3b_f32), (732 bytes).
    Removing windowfunctions.o(.ARM.exidx.text.arm_nuttall3b_f32), (8 bytes).
    Removing windowfunctions.o(.text.arm_nuttall3b_f64), (1126 bytes).
    Removing windowfunctions.o(.ARM.exidx.text.arm_nuttall3b_f64), (8 bytes).
    Removing windowfunctions.o(.text.arm_nuttall4a_f32), (978 bytes).
    Removing windowfunctions.o(.ARM.exidx.text.arm_nuttall4a_f32), (8 bytes).
    Removing windowfunctions.o(.text.arm_nuttall4a_f64), (1508 bytes).
    Removing windowfunctions.o(.ARM.exidx.text.arm_nuttall4a_f64), (8 bytes).
    Removing windowfunctions.o(.text.arm_blackman_harris_92db_f32), (978 bytes).
    Removing windowfunctions.o(.ARM.exidx.text.arm_blackman_harris_92db_f32), (8 bytes).
    Removing windowfunctions.o(.text.arm_blackman_harris_92db_f64), (1508 bytes).
    Removing windowfunctions.o(.ARM.exidx.text.arm_blackman_harris_92db_f64), (8 bytes).
    Removing windowfunctions.o(.text.arm_nuttall4b_f32), (978 bytes).
    Removing windowfunctions.o(.ARM.exidx.text.arm_nuttall4b_f32), (8 bytes).
    Removing windowfunctions.o(.text.arm_nuttall4b_f64), (1508 bytes).
    Removing windowfunctions.o(.ARM.exidx.text.arm_nuttall4b_f64), (8 bytes).
    Removing windowfunctions.o(.text.arm_nuttall4c_f32), (978 bytes).
    Removing windowfunctions.o(.ARM.exidx.text.arm_nuttall4c_f32), (8 bytes).
    Removing windowfunctions.o(.text.arm_nuttall4c_f64), (1508 bytes).
    Removing windowfunctions.o(.ARM.exidx.text.arm_nuttall4c_f64), (8 bytes).
    Removing windowfunctions.o(.text.arm_hft90d_f32), (1194 bytes).
    Removing windowfunctions.o(.ARM.exidx.text.arm_hft90d_f32), (8 bytes).
    Removing windowfunctions.o(.text.arm_hft90d_f64), (1818 bytes).
    Removing windowfunctions.o(.ARM.exidx.text.arm_hft90d_f64), (8 bytes).
    Removing windowfunctions.o(.text.arm_hft95_f32), (1194 bytes).
    Removing windowfunctions.o(.ARM.exidx.text.arm_hft95_f32), (8 bytes).
    Removing windowfunctions.o(.text.arm_hft95_f64), (1818 bytes).
    Removing windowfunctions.o(.ARM.exidx.text.arm_hft95_f64), (8 bytes).
    Removing windowfunctions.o(.text.arm_hft116d_f32), (1460 bytes).
    Removing windowfunctions.o(.ARM.exidx.text.arm_hft116d_f32), (8 bytes).
    Removing windowfunctions.o(.text.arm_hft116d_f64), (986 bytes).
    Removing windowfunctions.o(.ARM.exidx.text.arm_hft116d_f64), (8 bytes).
    Removing windowfunctions.o(.text.arm_hft144d_f32), (1710 bytes).
    Removing windowfunctions.o(.ARM.exidx.text.arm_hft144d_f32), (8 bytes).
    Removing windowfunctions.o(.text.arm_hft144d_f64), (1138 bytes).
    Removing windowfunctions.o(.ARM.exidx.text.arm_hft144d_f64), (8 bytes).
    Removing windowfunctions.o(.text.arm_hft169d_f32), (1946 bytes).
    Removing windowfunctions.o(.ARM.exidx.text.arm_hft169d_f32), (8 bytes).
    Removing windowfunctions.o(.text.arm_hft169d_f64), (1294 bytes).
    Removing windowfunctions.o(.ARM.exidx.text.arm_hft169d_f64), (8 bytes).
    Removing windowfunctions.o(.text.arm_hft196d_f32), (2196 bytes).
    Removing windowfunctions.o(.ARM.exidx.text.arm_hft196d_f32), (8 bytes).
    Removing windowfunctions.o(.text.arm_hft196d_f64), (1450 bytes).
    Removing windowfunctions.o(.ARM.exidx.text.arm_hft196d_f64), (8 bytes).
    Removing windowfunctions.o(.text.arm_hft223d_f32), (2450 bytes).
    Removing windowfunctions.o(.ARM.exidx.text.arm_hft223d_f32), (8 bytes).
    Removing windowfunctions.o(.text.arm_hft223d_f64), (1606 bytes).
    Removing windowfunctions.o(.ARM.exidx.text.arm_hft223d_f64), (8 bytes).
    Removing windowfunctions.o(.text.arm_hft248d_f32), (2710 bytes).
    Removing windowfunctions.o(.ARM.exidx.text.arm_hft248d_f32), (8 bytes).
    Removing windowfunctions.o(.text.arm_hft248d_f64), (622 bytes).
    Removing windowfunctions.o(.ARM.exidx.text.arm_hft248d_f64), (8 bytes).
    Removing fcmple.o(.text), (28 bytes).
    Removing fcmpgt.o(.text), (28 bytes).
    Removing fcmpeq.o(.text), (28 bytes).
    Removing dcmple.o(.text), (54 bytes).
    Removing dcmplt.o(.text), (54 bytes).
    Removing dcmpgt.o(.text), (54 bytes).
    Removing dcmpeq.o(.text), (56 bytes).
    Removing fflti.o(.text), (18 bytes).
    Removing dflti.o(.text), (34 bytes).
    Removing ffixi.o(.text), (50 bytes).
    Removing ffixl.o(.text), (66 bytes).
    Removing dfixi.o(.text), (62 bytes).
    Removing dfixl.o(.text), (74 bytes).
    Removing d2h.o(.text), (100 bytes).
    Removing f2h.o(.text), (74 bytes).
    Removing h2f.o(.text), (48 bytes).
    Removing fscalb.o(.text), (24 bytes).
    Removing frnd.o(.text), (60 bytes).
    Removing dscalb.o(.text), (46 bytes).
    Removing dsqrt.o(.text), (162 bytes).
    Removing ffixir.o(.text), (76 bytes).
    Removing cdcmple.o(.text), (48 bytes).
    Removing fpstat.o(.text), (4 bytes).

2724 unused section(s) (total 1445236 bytes) removed from the image.

==============================================================================

Image Symbol Table

    Local Symbols

    Symbol Name                              Value     Ov Type        Size  Object(Section)

    ../clib/division.s                       0x00000000   Number         0  aeabi_sdiv.o ABSOLUTE
    ../clib/microlib/division.c              0x00000000   Number         0  uldiv.o ABSOLUTE
    ../clib/microlib/division.c              0x00000000   Number         0  ldiv.o ABSOLUTE
    ../clib/microlib/division.c              0x00000000   Number         0  uidiv.o ABSOLUTE
    ../clib/microlib/errno.c                 0x00000000   Number         0  errno.o ABSOLUTE
    ../clib/microlib/init/entry.s            0x00000000   Number         0  entry.o ABSOLUTE
    ../clib/microlib/init/entry.s            0x00000000   Number         0  entry2.o ABSOLUTE
    ../clib/microlib/init/entry.s            0x00000000   Number         0  entry5.o ABSOLUTE
    ../clib/microlib/init/entry.s            0x00000000   Number         0  entry7a.o ABSOLUTE
    ../clib/microlib/init/entry.s            0x00000000   Number         0  entry7b.o ABSOLUTE
    ../clib/microlib/init/entry.s            0x00000000   Number         0  entry8a.o ABSOLUTE
    ../clib/microlib/init/entry.s            0x00000000   Number         0  entry8b.o ABSOLUTE
    ../clib/microlib/init/entry.s            0x00000000   Number         0  entry9a.o ABSOLUTE
    ../clib/microlib/init/entry.s            0x00000000   Number         0  entry9b.o ABSOLUTE
    ../clib/microlib/init/entry.s            0x00000000   Number         0  entry10a.o ABSOLUTE
    ../clib/microlib/init/entry.s            0x00000000   Number         0  entry10b.o ABSOLUTE
    ../clib/microlib/init/entry.s            0x00000000   Number         0  entry11a.o ABSOLUTE
    ../clib/microlib/init/entry.s            0x00000000   Number         0  entry11b.o ABSOLUTE
    ../clib/microlib/longlong.c              0x00000000   Number         0  llshl.o ABSOLUTE
    ../clib/microlib/longlong.c              0x00000000   Number         0  llushr.o ABSOLUTE
    ../clib/microlib/longlong.c              0x00000000   Number         0  llsshr.o ABSOLUTE
    ../clib/microlib/printf/printf.c         0x00000000   Number         0  printfb.o ABSOLUTE
    ../clib/microlib/printf/printf.c         0x00000000   Number         0  printf0.o ABSOLUTE
    ../clib/microlib/printf/printf.c         0x00000000   Number         0  printf1.o ABSOLUTE
    ../clib/microlib/printf/printf.c         0x00000000   Number         0  printf2.o ABSOLUTE
    ../clib/microlib/printf/printf.c         0x00000000   Number         0  printf3.o ABSOLUTE
    ../clib/microlib/printf/printf.c         0x00000000   Number         0  printf4.o ABSOLUTE
    ../clib/microlib/printf/printf.c         0x00000000   Number         0  printf5.o ABSOLUTE
    ../clib/microlib/printf/printf.c         0x00000000   Number         0  printf6.o ABSOLUTE
    ../clib/microlib/printf/printf.c         0x00000000   Number         0  printf7.o ABSOLUTE
    ../clib/microlib/printf/printf.c         0x00000000   Number         0  printf8.o ABSOLUTE
    ../clib/microlib/printf/printf.c         0x00000000   Number         0  printfa.o ABSOLUTE
    ../clib/microlib/printf/stubs.s          0x00000000   Number         0  printfstubs.o ABSOLUTE
    ../clib/microlib/stdio/streams.c         0x00000000   Number         0  stdout.o ABSOLUTE
    ../clib/microlib/string/memcpy.c         0x00000000   Number         0  memcpya.o ABSOLUTE
    ../clib/microlib/string/memcpy.c         0x00000000   Number         0  memcpyb.o ABSOLUTE
    ../clib/microlib/string/memset.c         0x00000000   Number         0  memseta.o ABSOLUTE
    ../clib/microlib/stubs.s                 0x00000000   Number         0  iusefp.o ABSOLUTE
    ../fplib/microlib/d2f.c                  0x00000000   Number         0  d2f.o ABSOLUTE
    ../fplib/microlib/d2h.c                  0x00000000   Number         0  d2h.o ABSOLUTE
    ../fplib/microlib/f2d.c                  0x00000000   Number         0  f2d.o ABSOLUTE
    ../fplib/microlib/f2h.c                  0x00000000   Number         0  f2h.o ABSOLUTE
    ../fplib/microlib/fpadd.c                0x00000000   Number         0  fadd.o ABSOLUTE
    ../fplib/microlib/fpadd.c                0x00000000   Number         0  dadd.o ABSOLUTE
    ../fplib/microlib/fpcmp.c                0x00000000   Number         0  fcmple.o ABSOLUTE
    ../fplib/microlib/fpcmp.c                0x00000000   Number         0  fcmplt.o ABSOLUTE
    ../fplib/microlib/fpcmp.c                0x00000000   Number         0  fcmpge.o ABSOLUTE
    ../fplib/microlib/fpcmp.c                0x00000000   Number         0  fcmpgt.o ABSOLUTE
    ../fplib/microlib/fpcmp.c                0x00000000   Number         0  fcmpeq.o ABSOLUTE
    ../fplib/microlib/fpcmp.c                0x00000000   Number         0  dcmple.o ABSOLUTE
    ../fplib/microlib/fpcmp.c                0x00000000   Number         0  dcmplt.o ABSOLUTE
    ../fplib/microlib/fpcmp.c                0x00000000   Number         0  dcmpgt.o ABSOLUTE
    ../fplib/microlib/fpcmp.c                0x00000000   Number         0  dcmpeq.o ABSOLUTE
    ../fplib/microlib/fpdiv.c                0x00000000   Number         0  fdiv.o ABSOLUTE
    ../fplib/microlib/fpdiv.c                0x00000000   Number         0  ddiv.o ABSOLUTE
    ../fplib/microlib/fpepilogue.c           0x00000000   Number         0  fepilogue.o ABSOLUTE
    ../fplib/microlib/fpepilogue.c           0x00000000   Number         0  depilogue.o ABSOLUTE
    ../fplib/microlib/fpfix.c                0x00000000   Number         0  ffixi.o ABSOLUTE
    ../fplib/microlib/fpfix.c                0x00000000   Number         0  ffixl.o ABSOLUTE
    ../fplib/microlib/fpfix.c                0x00000000   Number         0  dfixi.o ABSOLUTE
    ../fplib/microlib/fpfix.c                0x00000000   Number         0  dfixl.o ABSOLUTE
    ../fplib/microlib/fpfix.c                0x00000000   Number         0  dfixul.o ABSOLUTE
    ../fplib/microlib/fpfix.c                0x00000000   Number         0  ffixir.o ABSOLUTE
    ../fplib/microlib/fpflt.c                0x00000000   Number         0  fflti.o ABSOLUTE
    ../fplib/microlib/fpflt.c                0x00000000   Number         0  ffltui.o ABSOLUTE
    ../fplib/microlib/fpflt.c                0x00000000   Number         0  dflti.o ABSOLUTE
    ../fplib/microlib/fpflt.c                0x00000000   Number         0  dfltui.o ABSOLUTE
    ../fplib/microlib/fpmul.c                0x00000000   Number         0  fmul.o ABSOLUTE
    ../fplib/microlib/fpmul.c                0x00000000   Number         0  dmul.o ABSOLUTE
    ../fplib/microlib/fprnd.c                0x00000000   Number         0  frnd.o ABSOLUTE
    ../fplib/microlib/fpscalb.c              0x00000000   Number         0  fscalb.o ABSOLUTE
    ../fplib/microlib/fpscalb.c              0x00000000   Number         0  dscalb.o ABSOLUTE
    ../fplib/microlib/fpsqrt.c               0x00000000   Number         0  fsqrt.o ABSOLUTE
    ../fplib/microlib/fpsqrt.c               0x00000000   Number         0  dsqrt.o ABSOLUTE
    ../fplib/microlib/fpstat.c               0x00000000   Number         0  fpstat.o ABSOLUTE
    ../fplib/microlib/h2f.c                  0x00000000   Number         0  h2f.o ABSOLUTE
    ../mathlib/cos.c                         0x00000000   Number         0  cos.o ABSOLUTE
    ../mathlib/cos_i.c                       0x00000000   Number         0  cos_i.o ABSOLUTE
    ../mathlib/cosf.c                        0x00000000   Number         0  cosf.o ABSOLUTE
    ../mathlib/dunder.c                      0x00000000   Number         0  dunder.o ABSOLUTE
    ../mathlib/exp.c                         0x00000000   Number         0  exp.o ABSOLUTE
    ../mathlib/expf.c                        0x00000000   Number         0  expf.o ABSOLUTE
    ../mathlib/floorf.c                      0x00000000   Number         0  floorf.o ABSOLUTE
    ../mathlib/fpclassify.c                  0x00000000   Number         0  fpclassify.o ABSOLUTE
    ../mathlib/fpclassifyf.c                 0x00000000   Number         0  fpclassifyf.o ABSOLUTE
    ../mathlib/funder.c                      0x00000000   Number         0  funder.o ABSOLUTE
    ../mathlib/log.c                         0x00000000   Number         0  log.o ABSOLUTE
    ../mathlib/logf.c                        0x00000000   Number         0  logf.o ABSOLUTE
    ../mathlib/poly.c                        0x00000000   Number         0  poly.o ABSOLUTE
    ../mathlib/powf.c                        0x00000000   Number         0  powf.o ABSOLUTE
    ../mathlib/qnan.c                        0x00000000   Number         0  qnan.o ABSOLUTE
    ../mathlib/rred.c                        0x00000000   Number         0  rred.o ABSOLUTE
    ../mathlib/rredf.c                       0x00000000   Number         0  rredf.o ABSOLUTE
    ../mathlib/sin_i.c                       0x00000000   Number         0  sin_i.o ABSOLUTE
    ../mathlib/sqrt.c                        0x00000000   Number         0  sqrt.o ABSOLUTE
    ../mathlib/sqrtf.c                       0x00000000   Number         0  sqrtf.o ABSOLUTE
    ../mathlib/tanhf.c                       0x00000000   Number         0  tanhf.o ABSOLUTE
    BasicMathFunctions.c                     0x00000000   Number         0  basicmathfunctions.o ABSOLUTE
    BasicMathFunctionsF16.c                  0x00000000   Number         0  basicmathfunctionsf16.o ABSOLUTE
    BayesFunctions.c                         0x00000000   Number         0  bayesfunctions.o ABSOLUTE
    BayesFunctionsF16.c                      0x00000000   Number         0  bayesfunctionsf16.o ABSOLUTE
    CommonTables.c                           0x00000000   Number         0  commontables.o ABSOLUTE
    CommonTablesF16.c                        0x00000000   Number         0  commontablesf16.o ABSOLUTE
    ComplexMathFunctions.c                   0x00000000   Number         0  complexmathfunctions.o ABSOLUTE
    ComplexMathFunctionsF16.c                0x00000000   Number         0  complexmathfunctionsf16.o ABSOLUTE
    ControllerFunctions.c                    0x00000000   Number         0  controllerfunctions.o ABSOLUTE
    DistanceFunctions.c                      0x00000000   Number         0  distancefunctions.o ABSOLUTE
    DistanceFunctionsF16.c                   0x00000000   Number         0  distancefunctionsf16.o ABSOLUTE
    FastMathFunctions.c                      0x00000000   Number         0  fastmathfunctions.o ABSOLUTE
    FastMathFunctionsF16.c                   0x00000000   Number         0  fastmathfunctionsf16.o ABSOLUTE
    FilteringFunctions.c                     0x00000000   Number         0  filteringfunctions.o ABSOLUTE
    FilteringFunctionsF16.c                  0x00000000   Number         0  filteringfunctionsf16.o ABSOLUTE
    InterpolationFunctions.c                 0x00000000   Number         0  interpolationfunctions.o ABSOLUTE
    InterpolationFunctionsF16.c              0x00000000   Number         0  interpolationfunctionsf16.o ABSOLUTE
    MatrixFunctions.c                        0x00000000   Number         0  matrixfunctions.o ABSOLUTE
    MatrixFunctionsF16.c                     0x00000000   Number         0  matrixfunctionsf16.o ABSOLUTE
    QuaternionMathFunctions.c                0x00000000   Number         0  quaternionmathfunctions.o ABSOLUTE
    SVMFunctions.c                           0x00000000   Number         0  svmfunctions.o ABSOLUTE
    SVMFunctionsF16.c                        0x00000000   Number         0  svmfunctionsf16.o ABSOLUTE
    StatisticsFunctions.c                    0x00000000   Number         0  statisticsfunctions.o ABSOLUTE
    StatisticsFunctionsF16.c                 0x00000000   Number         0  statisticsfunctionsf16.o ABSOLUTE
    SupportFunctions.c                       0x00000000   Number         0  supportfunctions.o ABSOLUTE
    SupportFunctionsF16.c                    0x00000000   Number         0  supportfunctionsf16.o ABSOLUTE
    TransformFunctions.c                     0x00000000   Number         0  transformfunctions.o ABSOLUTE
    TransformFunctionsF16.c                  0x00000000   Number         0  transformfunctionsf16.o ABSOLUTE
    WindowFunctions.c                        0x00000000   Number         0  windowfunctions.o ABSOLUTE
    adc.c                                    0x00000000   Number         0  adc.o ABSOLUTE
    cdcmple.s                                0x00000000   Number         0  cdcmple.o ABSOLUTE
    cdrcmple.s                               0x00000000   Number         0  cdrcmple.o ABSOLUTE
    dc.s                                     0x00000000   Number         0  dc.o ABSOLUTE
    dma.c                                    0x00000000   Number         0  dma.o ABSOLUTE
    gpio.c                                   0x00000000   Number         0  gpio.o ABSOLUTE
    handlers.s                               0x00000000   Number         0  handlers.o ABSOLUTE
    init.s                                   0x00000000   Number         0  init.o ABSOLUTE
    lcd.c                                    0x00000000   Number         0  lcd.o ABSOLUTE
    main.c                                   0x00000000   Number         0  main.o ABSOLUTE
    spi.c                                    0x00000000   Number         0  spi.o ABSOLUTE
    startup_stm32f103xb.s                    0x00000000   Number         0  startup_stm32f103xb.o ABSOLUTE
    stm32f1xx_hal.c                          0x00000000   Number         0  stm32f1xx_hal.o ABSOLUTE
    stm32f1xx_hal_adc.c                      0x00000000   Number         0  stm32f1xx_hal_adc.o ABSOLUTE
    stm32f1xx_hal_adc_ex.c                   0x00000000   Number         0  stm32f1xx_hal_adc_ex.o ABSOLUTE
    stm32f1xx_hal_cortex.c                   0x00000000   Number         0  stm32f1xx_hal_cortex.o ABSOLUTE
    stm32f1xx_hal_dma.c                      0x00000000   Number         0  stm32f1xx_hal_dma.o ABSOLUTE
    stm32f1xx_hal_exti.c                     0x00000000   Number         0  stm32f1xx_hal_exti.o ABSOLUTE
    stm32f1xx_hal_flash.c                    0x00000000   Number         0  stm32f1xx_hal_flash.o ABSOLUTE
    stm32f1xx_hal_flash_ex.c                 0x00000000   Number         0  stm32f1xx_hal_flash_ex.o ABSOLUTE
    stm32f1xx_hal_gpio.c                     0x00000000   Number         0  stm32f1xx_hal_gpio.o ABSOLUTE
    stm32f1xx_hal_gpio_ex.c                  0x00000000   Number         0  stm32f1xx_hal_gpio_ex.o ABSOLUTE
    stm32f1xx_hal_msp.c                      0x00000000   Number         0  stm32f1xx_hal_msp.o ABSOLUTE
    stm32f1xx_hal_pwr.c                      0x00000000   Number         0  stm32f1xx_hal_pwr.o ABSOLUTE
    stm32f1xx_hal_rcc.c                      0x00000000   Number         0  stm32f1xx_hal_rcc.o ABSOLUTE
    stm32f1xx_hal_rcc_ex.c                   0x00000000   Number         0  stm32f1xx_hal_rcc_ex.o ABSOLUTE
    stm32f1xx_hal_spi.c                      0x00000000   Number         0  stm32f1xx_hal_spi.o ABSOLUTE
    stm32f1xx_hal_tim.c                      0x00000000   Number         0  stm32f1xx_hal_tim.o ABSOLUTE
    stm32f1xx_hal_tim_ex.c                   0x00000000   Number         0  stm32f1xx_hal_tim_ex.o ABSOLUTE
    stm32f1xx_hal_uart.c                     0x00000000   Number         0  stm32f1xx_hal_uart.o ABSOLUTE
    stm32f1xx_it.c                           0x00000000   Number         0  stm32f1xx_it.o ABSOLUTE
    system_stm32f1xx.c                       0x00000000   Number         0  system_stm32f1xx.o ABSOLUTE
    tim.c                                    0x00000000   Number         0  tim.o ABSOLUTE
    usart.c                                  0x00000000   Number         0  usart.o ABSOLUTE
    RESET                                    0x08000000   Section      236  startup_stm32f103xb.o(RESET)
    .ARM.Collect$$$$00000000                 0x080000ec   Section        0  entry.o(.ARM.Collect$$$$00000000)
    .ARM.Collect$$$$00000001                 0x080000ec   Section        4  entry2.o(.ARM.Collect$$$$00000001)
    .ARM.Collect$$$$00000004                 0x080000f0   Section        4  entry5.o(.ARM.Collect$$$$00000004)
    .ARM.Collect$$$$00000008                 0x080000f4   Section        0  entry7b.o(.ARM.Collect$$$$00000008)
    .ARM.Collect$$$$0000000A                 0x080000f4   Section        0  entry8b.o(.ARM.Collect$$$$0000000A)
    .ARM.Collect$$$$0000000B                 0x080000f4   Section        8  entry9a.o(.ARM.Collect$$$$0000000B)
    __lit__00000000                          0x080000fc   Data           4  entry2.o(.ARM.Collect$$$$00002712)
    .ARM.Collect$$$$0000000D                 0x080000fc   Section        0  entry10a.o(.ARM.Collect$$$$0000000D)
    .ARM.Collect$$$$0000000F                 0x080000fc   Section        0  entry11a.o(.ARM.Collect$$$$0000000F)
    .ARM.Collect$$$$00002712                 0x080000fc   Section        4  entry2.o(.ARM.Collect$$$$00002712)
    .text                                    0x08000100   Section       36  startup_stm32f103xb.o(.text)
    .text                                    0x08000124   Section        0  uldiv.o(.text)
    .text                                    0x08000186   Section        0  fadd.o(.text)
    .text                                    0x08000236   Section        0  fmul.o(.text)
    .text                                    0x0800029a   Section        0  fdiv.o(.text)
    .text                                    0x08000316   Section        0  dadd.o(.text)
    .text                                    0x08000464   Section        0  dmul.o(.text)
    .text                                    0x08000548   Section        0  ddiv.o(.text)
    .text                                    0x08000626   Section        0  fcmplt.o(.text)
    .text                                    0x08000642   Section        0  fcmpge.o(.text)
    .text                                    0x0800065e   Section        0  ffltui.o(.text)
    .text                                    0x08000668   Section        0  dfltui.o(.text)
    .text                                    0x08000682   Section        0  f2d.o(.text)
    .text                                    0x080006a8   Section        0  d2f.o(.text)
    .text                                    0x080006e0   Section        0  uidiv.o(.text)
    .text                                    0x0800070c   Section        0  llshl.o(.text)
    .text                                    0x0800072a   Section        0  llushr.o(.text)
    .text                                    0x0800074a   Section        0  llsshr.o(.text)
    .text                                    0x0800076e   Section        0  iusefp.o(.text)
    .text                                    0x0800076e   Section        0  fepilogue.o(.text)
    .text                                    0x080007dc   Section        0  fsqrt.o(.text)
    .text                                    0x0800083a   Section        0  depilogue.o(.text)
    .text                                    0x080008f4   Section        0  dfixul.o(.text)
    .text                                    0x08000924   Section       48  cdrcmple.o(.text)
    .text                                    0x08000954   Section       48  init.o(.text)
    [Anonymous Symbol]                       0x08000984   Section        0  stm32f1xx_hal_adc.o(.text.ADC_DMAConvCplt)
    [Anonymous Symbol]                       0x080009d8   Section        0  stm32f1xx_hal_adc.o(.text.ADC_DMAError)
    [Anonymous Symbol]                       0x080009f0   Section        0  stm32f1xx_hal_adc.o(.text.ADC_DMAHalfConvCplt)
    [Anonymous Symbol]                       0x080009f8   Section        0  stm32f1xx_hal_adc.o(.text.ADC_Enable)
    [Anonymous Symbol]                       0x08000aa8   Section        0  stm32f1xx_it.o(.text.BusFault_Handler)
    [Anonymous Symbol]                       0x08000aac   Section        0  stm32f1xx_it.o(.text.DMA1_Channel1_IRQHandler)
    [Anonymous Symbol]                       0x08000ab8   Section        0  stm32f1xx_it.o(.text.DebugMon_Handler)
    [Anonymous Symbol]                       0x08000abc   Section        0  main.o(.text.Error_Handler)
    [Anonymous Symbol]                       0x08000ac8   Section        0  stm32f1xx_hal_adc.o(.text.HAL_ADC_ConfigChannel)
    [Anonymous Symbol]                       0x08000c08   Section        0  main.o(.text.HAL_ADC_ConvCpltCallback)
    [Anonymous Symbol]                       0x08000c40   Section        0  stm32f1xx_hal_adc.o(.text.HAL_ADC_ConvHalfCpltCallback)
    [Anonymous Symbol]                       0x08000c44   Section        0  stm32f1xx_hal_adc.o(.text.HAL_ADC_ErrorCallback)
    [Anonymous Symbol]                       0x08000c48   Section        0  stm32f1xx_hal_adc.o(.text.HAL_ADC_Init)
    [Anonymous Symbol]                       0x08000da0   Section        0  adc.o(.text.HAL_ADC_MspInit)
    [Anonymous Symbol]                       0x08000e48   Section        0  stm32f1xx_hal_adc.o(.text.HAL_ADC_Start_DMA)
    [Anonymous Symbol]                       0x08000f70   Section        0  stm32f1xx_hal_dma.o(.text.HAL_DMA_Abort)
    [Anonymous Symbol]                       0x08000fb8   Section        0  stm32f1xx_hal_dma.o(.text.HAL_DMA_Abort_IT)
    [Anonymous Symbol]                       0x08001070   Section        0  stm32f1xx_hal_dma.o(.text.HAL_DMA_IRQHandler)
    [Anonymous Symbol]                       0x08001210   Section        0  stm32f1xx_hal_dma.o(.text.HAL_DMA_Init)
    [Anonymous Symbol]                       0x08001294   Section        0  stm32f1xx_hal_dma.o(.text.HAL_DMA_Start_IT)
    [Anonymous Symbol]                       0x08001334   Section        0  stm32f1xx_hal.o(.text.HAL_Delay)
    [Anonymous Symbol]                       0x0800135c   Section        0  stm32f1xx_hal_gpio.o(.text.HAL_GPIO_Init)
    [Anonymous Symbol]                       0x0800156c   Section        0  stm32f1xx_hal_gpio.o(.text.HAL_GPIO_WritePin)
    [Anonymous Symbol]                       0x08001578   Section        0  stm32f1xx_hal.o(.text.HAL_GetTick)
    [Anonymous Symbol]                       0x08001584   Section        0  stm32f1xx_hal.o(.text.HAL_IncTick)
    [Anonymous Symbol]                       0x080015a0   Section        0  stm32f1xx_hal.o(.text.HAL_Init)
    [Anonymous Symbol]                       0x080015c8   Section        0  stm32f1xx_hal.o(.text.HAL_InitTick)
    [Anonymous Symbol]                       0x08001610   Section        0  stm32f1xx_hal_msp.o(.text.HAL_MspInit)
    [Anonymous Symbol]                       0x08001654   Section        0  stm32f1xx_hal_cortex.o(.text.HAL_NVIC_EnableIRQ)
    [Anonymous Symbol]                       0x08001678   Section        0  stm32f1xx_hal_cortex.o(.text.HAL_NVIC_SetPriority)
    [Anonymous Symbol]                       0x080016d0   Section        0  stm32f1xx_hal_cortex.o(.text.HAL_NVIC_SetPriorityGrouping)
    [Anonymous Symbol]                       0x080016f0   Section        0  stm32f1xx_hal_rcc_ex.o(.text.HAL_RCCEx_PeriphCLKConfig)
    [Anonymous Symbol]                       0x080017f4   Section        0  stm32f1xx_hal_rcc.o(.text.HAL_RCC_ClockConfig)
    [Anonymous Symbol]                       0x080019b0   Section        0  stm32f1xx_hal_rcc.o(.text.HAL_RCC_GetPCLK1Freq)
    [Anonymous Symbol]                       0x080019d8   Section        0  stm32f1xx_hal_rcc.o(.text.HAL_RCC_GetPCLK2Freq)
    [Anonymous Symbol]                       0x08001a00   Section        0  stm32f1xx_hal_rcc.o(.text.HAL_RCC_OscConfig)
    [Anonymous Symbol]                       0x08001e00   Section        0  stm32f1xx_hal_spi.o(.text.HAL_SPI_Init)
    [Anonymous Symbol]                       0x08001ea8   Section        0  spi.o(.text.HAL_SPI_MspInit)
    [Anonymous Symbol]                       0x08001f28   Section        0  stm32f1xx_hal_spi.o(.text.HAL_SPI_Transmit)
    [Anonymous Symbol]                       0x08002124   Section        0  stm32f1xx_hal_cortex.o(.text.HAL_SYSTICK_Config)
    [Anonymous Symbol]                       0x08002150   Section        0  stm32f1xx_hal_tim_ex.o(.text.HAL_TIMEx_MasterConfigSynchronization)
    [Anonymous Symbol]                       0x080021d0   Section        0  stm32f1xx_hal_tim.o(.text.HAL_TIM_Base_Init)
    [Anonymous Symbol]                       0x080022cc   Section        0  tim.o(.text.HAL_TIM_Base_MspInit)
    [Anonymous Symbol]                       0x080022fc   Section        0  stm32f1xx_hal_tim.o(.text.HAL_TIM_Base_Start)
    [Anonymous Symbol]                       0x08002364   Section        0  stm32f1xx_hal_tim.o(.text.HAL_TIM_ConfigClockSource)
    [Anonymous Symbol]                       0x08002504   Section        0  stm32f1xx_hal_uart.o(.text.HAL_UARTEx_RxEventCallback)
    [Anonymous Symbol]                       0x08002508   Section        0  stm32f1xx_hal_uart.o(.text.HAL_UART_ErrorCallback)
    [Anonymous Symbol]                       0x0800250c   Section        0  stm32f1xx_hal_uart.o(.text.HAL_UART_IRQHandler)
    [Anonymous Symbol]                       0x08002a7c   Section        0  stm32f1xx_hal_uart.o(.text.HAL_UART_Init)
    [Anonymous Symbol]                       0x08002b60   Section        0  usart.o(.text.HAL_UART_MspInit)
    [Anonymous Symbol]                       0x08002bf0   Section        0  stm32f1xx_hal_uart.o(.text.HAL_UART_RxCpltCallback)
    [Anonymous Symbol]                       0x08002bf4   Section        0  stm32f1xx_hal_uart.o(.text.HAL_UART_Transmit)
    [Anonymous Symbol]                       0x08002d88   Section        0  stm32f1xx_hal_uart.o(.text.HAL_UART_TxCpltCallback)
    [Anonymous Symbol]                       0x08002d8c   Section        0  stm32f1xx_it.o(.text.HardFault_Handler)
    [Anonymous Symbol]                       0x08002d90   Section        0  lcd.o(.text.LCD_Clear)
    [Anonymous Symbol]                       0x08002e78   Section        0  lcd.o(.text.LCD_Direction)
    [Anonymous Symbol]                       0x08002f24   Section        0  lcd.o(.text.LCD_Init)
    [Anonymous Symbol]                       0x080043f8   Section        0  lcd.o(.text.LCD_SetWindows)
    [Anonymous Symbol]                       0x080046a0   Section        0  lcd.o(.text.LCD_ShowChar)
    [Anonymous Symbol]                       0x080047d4   Section        0  adc.o(.text.MX_ADC1_Init)
    [Anonymous Symbol]                       0x0800482c   Section        0  dma.o(.text.MX_DMA_Init)
    [Anonymous Symbol]                       0x08004860   Section        0  gpio.o(.text.MX_GPIO_Init)
    [Anonymous Symbol]                       0x080048f8   Section        0  spi.o(.text.MX_SPI2_Init)
    [Anonymous Symbol]                       0x08004940   Section        0  tim.o(.text.MX_TIM3_Init)
    [Anonymous Symbol]                       0x080049b8   Section        0  usart.o(.text.MX_USART1_UART_Init)
    [Anonymous Symbol]                       0x080049f4   Section        0  stm32f1xx_it.o(.text.MemManage_Handler)
    [Anonymous Symbol]                       0x080049f8   Section        0  stm32f1xx_it.o(.text.NMI_Handler)
    [Anonymous Symbol]                       0x080049fc   Section        0  stm32f1xx_it.o(.text.PendSV_Handler)
    SPI_WaitFlagStateUntilTimeout            0x08004a01   Thumb Code   288  stm32f1xx_hal_spi.o(.text.SPI_WaitFlagStateUntilTimeout)
    [Anonymous Symbol]                       0x08004a00   Section        0  stm32f1xx_hal_spi.o(.text.SPI_WaitFlagStateUntilTimeout)
    [Anonymous Symbol]                       0x08004b20   Section        0  stm32f1xx_it.o(.text.SVC_Handler)
    [Anonymous Symbol]                       0x08004b24   Section        0  stm32f1xx_it.o(.text.SysTick_Handler)
    [Anonymous Symbol]                       0x08004b28   Section        0  system_stm32f1xx.o(.text.SystemInit)
    UART_DMAAbortOnError                     0x08004b2d   Thumb Code    12  stm32f1xx_hal_uart.o(.text.UART_DMAAbortOnError)
    [Anonymous Symbol]                       0x08004b2c   Section        0  stm32f1xx_hal_uart.o(.text.UART_DMAAbortOnError)
    UART_Receive_IT                          0x08004b39   Thumb Code   254  stm32f1xx_hal_uart.o(.text.UART_Receive_IT)
    [Anonymous Symbol]                       0x08004b38   Section        0  stm32f1xx_hal_uart.o(.text.UART_Receive_IT)
    [Anonymous Symbol]                       0x08004c38   Section        0  stm32f1xx_it.o(.text.USART1_IRQHandler)
    [Anonymous Symbol]                       0x08004c44   Section        0  stm32f1xx_it.o(.text.UsageFault_Handler)
    [Anonymous Symbol]                       0x08004c48   Section        0  transformfunctions.o(.text.arm_cfft_f32)
    [Anonymous Symbol]                       0x08005a2c   Section        0  transformfunctions.o(.text.arm_cfft_init_1024_f32)
    [Anonymous Symbol]                       0x08005a50   Section        0  complexmathfunctions.o(.text.arm_cmplx_mag_f32)
    [Anonymous Symbol]                       0x08005bb0   Section        0  statisticsfunctions.o(.text.arm_max_f32)
    [Anonymous Symbol]                       0x08005d50   Section        0  transformfunctions.o(.text.arm_radix8_butterfly_f32)
    [Anonymous Symbol]                       0x0800662c   Section        0  main.o(.text.fputc)
    [Anonymous Symbol]                       0x0800664c   Section        0  main.o(.text.main)
    noteNameTable                            0x08006938   Number         0  main.o(.text.main)
    i.__0printf                              0x08006944   Section        0  printfa.o(i.__0printf)
    i.__scatterload_copy                     0x08006964   Section       14  handlers.o(i.__scatterload_copy)
    i.__scatterload_null                     0x08006972   Section        2  handlers.o(i.__scatterload_null)
    i.__scatterload_zeroinit                 0x08006974   Section       14  handlers.o(i.__scatterload_zeroinit)
    i.__set_errno                            0x08006984   Section        0  errno.o(i.__set_errno)
    _fp_digits                               0x08006991   Thumb Code   366  printfa.o(i._fp_digits)
    i._fp_digits                             0x08006990   Section        0  printfa.o(i._fp_digits)
    _printf_core                             0x08006b15   Thumb Code  1744  printfa.o(i._printf_core)
    i._printf_core                           0x08006b14   Section        0  printfa.o(i._printf_core)
    _printf_post_padding                     0x080071f1   Thumb Code    36  printfa.o(i._printf_post_padding)
    i._printf_post_padding                   0x080071f0   Section        0  printfa.o(i._printf_post_padding)
    _printf_pre_padding                      0x08007215   Thumb Code    46  printfa.o(i._printf_pre_padding)
    i._printf_pre_padding                    0x08007214   Section        0  printfa.o(i._printf_pre_padding)
    i.sqrtf                                  0x08007242   Section        0  sqrtf.o(i.sqrtf)
    HAL_RCC_GetSysClockFreq.aPredivFactorTable 0x08007286   Data           2  stm32f1xx_hal_rcc.o(.rodata.HAL_RCC_GetSysClockFreq.aPredivFactorTable)
    [Anonymous Symbol]                       0x08007286   Section        0  stm32f1xx_hal_rcc.o(.rodata.HAL_RCC_GetSysClockFreq.aPredivFactorTable)
    asc2_1608                                0x080080a8   Data        1520  lcd.o(.rodata.asc2_1608)
    [Anonymous Symbol]                       0x080080a8   Section        0  lcd.o(.rodata.asc2_1608)
    HAL_RCC_GetSysClockFreq.aPLLMULFactorTable 0x08008698   Data          16  stm32f1xx_hal_rcc.o(.rodata.cst16)
    [Anonymous Symbol]                       0x08008698   Section        0  stm32f1xx_hal_rcc.o(.rodata.cst16)
    freqTable                                0x080086a8   Data         204  main.o(.rodata.freqTable)
    [Anonymous Symbol]                       0x080086a8   Section        0  main.o(.rodata.freqTable)
    .data                                    0x20000000   Section        4  stdout.o(.data)
    _errno                                   0x20000004   Data           4  errno.o(.data)
    .data                                    0x20000004   Section        4  errno.o(.data)
    .L_MergedGlobals                         0x20000008   Data           8  stm32f1xx_hal.o(.data..L_MergedGlobals)
    [Anonymous Symbol]                       0x20000008   Section        0  stm32f1xx_hal.o(.data..L_MergedGlobals)
    .L_MergedGlobals                         0x20000018   Data          16  lcd.o(.bss..L_MergedGlobals)
    [Anonymous Symbol]                       0x20000018   Section        0  lcd.o(.bss..L_MergedGlobals)
    .L_MergedGlobals                         0x20000028   Data          28  main.o(.bss..L_MergedGlobals)
    [Anonymous Symbol]                       0x20000028   Section        0  main.o(.bss..L_MergedGlobals)
    frame                                    0x20000044   Data        8192  main.o(.bss.frame)
    [Anonymous Symbol]                       0x20000044   Section        0  main.o(.bss.frame)
    freqBins                                 0x20002044   Data        4096  main.o(.bss.freqBins)
    [Anonymous Symbol]                       0x20002044   Section        0  main.o(.bss.freqBins)
    STACK                                    0x200031a8   Section     1024  startup_stm32f103xb.o(STACK)

    Global Symbols

    Symbol Name                              Value     Ov Type        Size  Object(Section)

    BuildAttributes$$THM_ISAv4$P$D$K$B$S$PE$A:L22UL41UL21$X:L11$S22US41US21$IEEE1$IW$~IW$USESV6$~STKCKD$USESV7$~SHL$OTIME$ROPI$IEEEX$EBA8$MICROLIB$REQ8$PRES8$EABIv2 0x00000000   Number         0  anon$$obj.o ABSOLUTE
    _printf_a                                0x00000000   Number         0  printfstubs.o ABSOLUTE
    _printf_c                                0x00000000   Number         0  printfstubs.o ABSOLUTE
    _printf_charcount                        0x00000000   Number         0  printfstubs.o ABSOLUTE
    _printf_d                                0x00000000   Number         0  printfstubs.o ABSOLUTE
    _printf_e                                0x00000000   Number         0  printfstubs.o ABSOLUTE
    _printf_f                                0x00000000   Number         0  printfstubs.o ABSOLUTE
    _printf_flags                            0x00000000   Number         0  printfstubs.o ABSOLUTE
    _printf_fp_dec                           0x00000000   Number         0  printfstubs.o ABSOLUTE
    _printf_fp_hex                           0x00000000   Number         0  printfstubs.o ABSOLUTE
    _printf_g                                0x00000000   Number         0  printfstubs.o ABSOLUTE
    _printf_i                                0x00000000   Number         0  printfstubs.o ABSOLUTE
    _printf_int_dec                          0x00000000   Number         0  printfstubs.o ABSOLUTE
    _printf_l                                0x00000000   Number         0  printfstubs.o ABSOLUTE
    _printf_lc                               0x00000000   Number         0  printfstubs.o ABSOLUTE
    _printf_ll                               0x00000000   Number         0  printfstubs.o ABSOLUTE
    _printf_lld                              0x00000000   Number         0  printfstubs.o ABSOLUTE
    _printf_lli                              0x00000000   Number         0  printfstubs.o ABSOLUTE
    _printf_llo                              0x00000000   Number         0  printfstubs.o ABSOLUTE
    _printf_llu                              0x00000000   Number         0  printfstubs.o ABSOLUTE
    _printf_llx                              0x00000000   Number         0  printfstubs.o ABSOLUTE
    _printf_longlong_dec                     0x00000000   Number         0  printfstubs.o ABSOLUTE
    _printf_longlong_hex                     0x00000000   Number         0  printfstubs.o ABSOLUTE
    _printf_longlong_oct                     0x00000000   Number         0  printfstubs.o ABSOLUTE
    _printf_ls                               0x00000000   Number         0  printfstubs.o ABSOLUTE
    _printf_mbtowc                           0x00000000   Number         0  printfstubs.o ABSOLUTE
    _printf_n                                0x00000000   Number         0  printfstubs.o ABSOLUTE
    _printf_o                                0x00000000   Number         0  printfstubs.o ABSOLUTE
    _printf_p                                0x00000000   Number         0  printfstubs.o ABSOLUTE
    _printf_percent                          0x00000000   Number         0  printfstubs.o ABSOLUTE
    _printf_pre_padding                      0x00000000   Number         0  printfstubs.o ABSOLUTE
    _printf_return_value                     0x00000000   Number         0  printfstubs.o ABSOLUTE
    _printf_s                                0x00000000   Number         0  printfstubs.o ABSOLUTE
    _printf_sizespec                         0x00000000   Number         0  printfstubs.o ABSOLUTE
    _printf_str                              0x00000000   Number         0  printfstubs.o ABSOLUTE
    _printf_truncate_signed                  0x00000000   Number         0  printfstubs.o ABSOLUTE
    _printf_truncate_unsigned                0x00000000   Number         0  printfstubs.o ABSOLUTE
    _printf_u                                0x00000000   Number         0  printfstubs.o ABSOLUTE
    _printf_wc                               0x00000000   Number         0  printfstubs.o ABSOLUTE
    _printf_wctomb                           0x00000000   Number         0  printfstubs.o ABSOLUTE
    _printf_widthprec                        0x00000000   Number         0  printfstubs.o ABSOLUTE
    _printf_x                                0x00000000   Number         0  printfstubs.o ABSOLUTE
    __cpp_initialize__aeabi_                  - Undefined Weak Reference
    __cxa_finalize                            - Undefined Weak Reference
    __decompress                              - Undefined Weak Reference
    _clock_init                               - Undefined Weak Reference
    _microlib_exit                            - Undefined Weak Reference
    __Vectors_Size                           0x000000ec   Number         0  startup_stm32f103xb.o ABSOLUTE
    __Vectors                                0x08000000   Data           4  startup_stm32f103xb.o(RESET)
    __Vectors_End                            0x080000ec   Data           0  startup_stm32f103xb.o(RESET)
    __main                                   0x080000ed   Thumb Code     0  entry.o(.ARM.Collect$$$$00000000)
    _main_stk                                0x080000ed   Thumb Code     0  entry2.o(.ARM.Collect$$$$00000001)
    _main_scatterload                        0x080000f1   Thumb Code     0  entry5.o(.ARM.Collect$$$$00000004)
    __main_after_scatterload                 0x080000f5   Thumb Code     0  entry5.o(.ARM.Collect$$$$00000004)
    _main_clock                              0x080000f5   Thumb Code     0  entry7b.o(.ARM.Collect$$$$00000008)
    _main_cpp_init                           0x080000f5   Thumb Code     0  entry8b.o(.ARM.Collect$$$$0000000A)
    _main_init                               0x080000f5   Thumb Code     0  entry9a.o(.ARM.Collect$$$$0000000B)
    __rt_final_cpp                           0x080000fd   Thumb Code     0  entry10a.o(.ARM.Collect$$$$0000000D)
    __rt_final_exit                          0x080000fd   Thumb Code     0  entry11a.o(.ARM.Collect$$$$0000000F)
    Reset_Handler                            0x08000101   Thumb Code     8  startup_stm32f103xb.o(.text)
    ADC1_2_IRQHandler                        0x0800011b   Thumb Code     0  startup_stm32f103xb.o(.text)
    CAN1_RX1_IRQHandler                      0x0800011b   Thumb Code     0  startup_stm32f103xb.o(.text)
    CAN1_SCE_IRQHandler                      0x0800011b   Thumb Code     0  startup_stm32f103xb.o(.text)
    DMA1_Channel2_IRQHandler                 0x0800011b   Thumb Code     0  startup_stm32f103xb.o(.text)
    DMA1_Channel3_IRQHandler                 0x0800011b   Thumb Code     0  startup_stm32f103xb.o(.text)
    DMA1_Channel4_IRQHandler                 0x0800011b   Thumb Code     0  startup_stm32f103xb.o(.text)
    DMA1_Channel5_IRQHandler                 0x0800011b   Thumb Code     0  startup_stm32f103xb.o(.text)
    DMA1_Channel6_IRQHandler                 0x0800011b   Thumb Code     0  startup_stm32f103xb.o(.text)
    DMA1_Channel7_IRQHandler                 0x0800011b   Thumb Code     0  startup_stm32f103xb.o(.text)
    EXTI0_IRQHandler                         0x0800011b   Thumb Code     0  startup_stm32f103xb.o(.text)
    EXTI15_10_IRQHandler                     0x0800011b   Thumb Code     0  startup_stm32f103xb.o(.text)
    EXTI1_IRQHandler                         0x0800011b   Thumb Code     0  startup_stm32f103xb.o(.text)
    EXTI2_IRQHandler                         0x0800011b   Thumb Code     0  startup_stm32f103xb.o(.text)
    EXTI3_IRQHandler                         0x0800011b   Thumb Code     0  startup_stm32f103xb.o(.text)
    EXTI4_IRQHandler                         0x0800011b   Thumb Code     0  startup_stm32f103xb.o(.text)
    EXTI9_5_IRQHandler                       0x0800011b   Thumb Code     0  startup_stm32f103xb.o(.text)
    FLASH_IRQHandler                         0x0800011b   Thumb Code     0  startup_stm32f103xb.o(.text)
    I2C1_ER_IRQHandler                       0x0800011b   Thumb Code     0  startup_stm32f103xb.o(.text)
    I2C1_EV_IRQHandler                       0x0800011b   Thumb Code     0  startup_stm32f103xb.o(.text)
    I2C2_ER_IRQHandler                       0x0800011b   Thumb Code     0  startup_stm32f103xb.o(.text)
    I2C2_EV_IRQHandler                       0x0800011b   Thumb Code     0  startup_stm32f103xb.o(.text)
    PVD_IRQHandler                           0x0800011b   Thumb Code     0  startup_stm32f103xb.o(.text)
    RCC_IRQHandler                           0x0800011b   Thumb Code     0  startup_stm32f103xb.o(.text)
    RTC_Alarm_IRQHandler                     0x0800011b   Thumb Code     0  startup_stm32f103xb.o(.text)
    RTC_IRQHandler                           0x0800011b   Thumb Code     0  startup_stm32f103xb.o(.text)
    SPI1_IRQHandler                          0x0800011b   Thumb Code     0  startup_stm32f103xb.o(.text)
    SPI2_IRQHandler                          0x0800011b   Thumb Code     0  startup_stm32f103xb.o(.text)
    TAMPER_IRQHandler                        0x0800011b   Thumb Code     0  startup_stm32f103xb.o(.text)
    TIM1_BRK_IRQHandler                      0x0800011b   Thumb Code     0  startup_stm32f103xb.o(.text)
    TIM1_CC_IRQHandler                       0x0800011b   Thumb Code     0  startup_stm32f103xb.o(.text)
    TIM1_TRG_COM_IRQHandler                  0x0800011b   Thumb Code     0  startup_stm32f103xb.o(.text)
    TIM1_UP_IRQHandler                       0x0800011b   Thumb Code     0  startup_stm32f103xb.o(.text)
    TIM2_IRQHandler                          0x0800011b   Thumb Code     0  startup_stm32f103xb.o(.text)
    TIM3_IRQHandler                          0x0800011b   Thumb Code     0  startup_stm32f103xb.o(.text)
    TIM4_IRQHandler                          0x0800011b   Thumb Code     0  startup_stm32f103xb.o(.text)
    USART2_IRQHandler                        0x0800011b   Thumb Code     0  startup_stm32f103xb.o(.text)
    USART3_IRQHandler                        0x0800011b   Thumb Code     0  startup_stm32f103xb.o(.text)
    USBWakeUp_IRQHandler                     0x0800011b   Thumb Code     0  startup_stm32f103xb.o(.text)
    USB_HP_CAN1_TX_IRQHandler                0x0800011b   Thumb Code     0  startup_stm32f103xb.o(.text)
    USB_LP_CAN1_RX0_IRQHandler               0x0800011b   Thumb Code     0  startup_stm32f103xb.o(.text)
    WWDG_IRQHandler                          0x0800011b   Thumb Code     0  startup_stm32f103xb.o(.text)
    __aeabi_uldivmod                         0x08000125   Thumb Code    98  uldiv.o(.text)
    __aeabi_fadd                             0x08000187   Thumb Code   164  fadd.o(.text)
    __aeabi_fsub                             0x0800022b   Thumb Code     6  fadd.o(.text)
    __aeabi_frsub                            0x08000231   Thumb Code     6  fadd.o(.text)
    __aeabi_fmul                             0x08000237   Thumb Code   100  fmul.o(.text)
    __aeabi_fdiv                             0x0800029b   Thumb Code   124  fdiv.o(.text)
    __aeabi_dadd                             0x08000317   Thumb Code   322  dadd.o(.text)
    __aeabi_dsub                             0x08000459   Thumb Code     6  dadd.o(.text)
    __aeabi_drsub                            0x0800045f   Thumb Code     6  dadd.o(.text)
    __aeabi_dmul                             0x08000465   Thumb Code   228  dmul.o(.text)
    __aeabi_ddiv                             0x08000549   Thumb Code   222  ddiv.o(.text)
    __aeabi_fcmplt                           0x08000627   Thumb Code    28  fcmplt.o(.text)
    __aeabi_fcmpge                           0x08000643   Thumb Code    28  fcmpge.o(.text)
    __aeabi_ui2f                             0x0800065f   Thumb Code    10  ffltui.o(.text)
    __aeabi_ui2d                             0x08000669   Thumb Code    26  dfltui.o(.text)
    __aeabi_f2d                              0x08000683   Thumb Code    38  f2d.o(.text)
    __aeabi_d2f                              0x080006a9   Thumb Code    56  d2f.o(.text)
    __aeabi_uidiv                            0x080006e1   Thumb Code     0  uidiv.o(.text)
    __aeabi_uidivmod                         0x080006e1   Thumb Code    44  uidiv.o(.text)
    __aeabi_llsl                             0x0800070d   Thumb Code    30  llshl.o(.text)
    _ll_shift_l                              0x0800070d   Thumb Code     0  llshl.o(.text)
    __aeabi_llsr                             0x0800072b   Thumb Code    32  llushr.o(.text)
    _ll_ushift_r                             0x0800072b   Thumb Code     0  llushr.o(.text)
    __aeabi_lasr                             0x0800074b   Thumb Code    36  llsshr.o(.text)
    _ll_sshift_r                             0x0800074b   Thumb Code     0  llsshr.o(.text)
    __I$use$fp                               0x0800076f   Thumb Code     0  iusefp.o(.text)
    _float_round                             0x0800076f   Thumb Code    18  fepilogue.o(.text)
    _float_epilogue                          0x08000781   Thumb Code    92  fepilogue.o(.text)
    _fsqrt                                   0x080007dd   Thumb Code    94  fsqrt.o(.text)
    _double_round                            0x0800083b   Thumb Code    30  depilogue.o(.text)
    _double_epilogue                         0x08000859   Thumb Code   156  depilogue.o(.text)
    __aeabi_d2ulz                            0x080008f5   Thumb Code    48  dfixul.o(.text)
    __aeabi_cdrcmple                         0x08000925   Thumb Code    48  cdrcmple.o(.text)
    __scatterload                            0x08000955   Thumb Code    38  init.o(.text)
    __scatterload_rt2                        0x08000955   Thumb Code     0  init.o(.text)
    ADC_DMAConvCplt                          0x08000985   Thumb Code    82  stm32f1xx_hal_adc.o(.text.ADC_DMAConvCplt)
    ADC_DMAError                             0x080009d9   Thumb Code    22  stm32f1xx_hal_adc.o(.text.ADC_DMAError)
    ADC_DMAHalfConvCplt                      0x080009f1   Thumb Code     6  stm32f1xx_hal_adc.o(.text.ADC_DMAHalfConvCplt)
    ADC_Enable                               0x080009f9   Thumb Code   174  stm32f1xx_hal_adc.o(.text.ADC_Enable)
    BusFault_Handler                         0x08000aa9   Thumb Code     2  stm32f1xx_it.o(.text.BusFault_Handler)
    DMA1_Channel1_IRQHandler                 0x08000aad   Thumb Code    12  stm32f1xx_it.o(.text.DMA1_Channel1_IRQHandler)
    DebugMon_Handler                         0x08000ab9   Thumb Code     2  stm32f1xx_it.o(.text.DebugMon_Handler)
    Error_Handler                            0x08000abd   Thumb Code    10  main.o(.text.Error_Handler)
    HAL_ADC_ConfigChannel                    0x08000ac9   Thumb Code   318  stm32f1xx_hal_adc.o(.text.HAL_ADC_ConfigChannel)
    HAL_ADC_ConvCpltCallback                 0x08000c09   Thumb Code    56  main.o(.text.HAL_ADC_ConvCpltCallback)
    HAL_ADC_ConvHalfCpltCallback             0x08000c41   Thumb Code     2  stm32f1xx_hal_adc.o(.text.HAL_ADC_ConvHalfCpltCallback)
    HAL_ADC_ErrorCallback                    0x08000c45   Thumb Code     2  stm32f1xx_hal_adc.o(.text.HAL_ADC_ErrorCallback)
    HAL_ADC_Init                             0x08000c49   Thumb Code   344  stm32f1xx_hal_adc.o(.text.HAL_ADC_Init)
    HAL_ADC_MspInit                          0x08000da1   Thumb Code   168  adc.o(.text.HAL_ADC_MspInit)
    HAL_ADC_Start_DMA                        0x08000e49   Thumb Code   296  stm32f1xx_hal_adc.o(.text.HAL_ADC_Start_DMA)
    HAL_DMA_Abort                            0x08000f71   Thumb Code    70  stm32f1xx_hal_dma.o(.text.HAL_DMA_Abort)
    HAL_DMA_Abort_IT                         0x08000fb9   Thumb Code   182  stm32f1xx_hal_dma.o(.text.HAL_DMA_Abort_IT)
    HAL_DMA_IRQHandler                       0x08001071   Thumb Code   416  stm32f1xx_hal_dma.o(.text.HAL_DMA_IRQHandler)
    HAL_DMA_Init                             0x08001211   Thumb Code   132  stm32f1xx_hal_dma.o(.text.HAL_DMA_Init)
    HAL_DMA_Start_IT                         0x08001295   Thumb Code   160  stm32f1xx_hal_dma.o(.text.HAL_DMA_Start_IT)
    HAL_Delay                                0x08001335   Thumb Code    40  stm32f1xx_hal.o(.text.HAL_Delay)
    HAL_GPIO_Init                            0x0800135d   Thumb Code   526  stm32f1xx_hal_gpio.o(.text.HAL_GPIO_Init)
    HAL_GPIO_WritePin                        0x0800156d   Thumb Code    10  stm32f1xx_hal_gpio.o(.text.HAL_GPIO_WritePin)
    HAL_GetTick                              0x08001579   Thumb Code    12  stm32f1xx_hal.o(.text.HAL_GetTick)
    HAL_IncTick                              0x08001585   Thumb Code    26  stm32f1xx_hal.o(.text.HAL_IncTick)
    HAL_Init                                 0x080015a1   Thumb Code    38  stm32f1xx_hal.o(.text.HAL_Init)
    HAL_InitTick                             0x080015c9   Thumb Code    72  stm32f1xx_hal.o(.text.HAL_InitTick)
    HAL_MspInit                              0x08001611   Thumb Code    66  stm32f1xx_hal_msp.o(.text.HAL_MspInit)
    HAL_NVIC_EnableIRQ                       0x08001655   Thumb Code    34  stm32f1xx_hal_cortex.o(.text.HAL_NVIC_EnableIRQ)
    HAL_NVIC_SetPriority                     0x08001679   Thumb Code    86  stm32f1xx_hal_cortex.o(.text.HAL_NVIC_SetPriority)
    HAL_NVIC_SetPriorityGrouping             0x080016d1   Thumb Code    32  stm32f1xx_hal_cortex.o(.text.HAL_NVIC_SetPriorityGrouping)
    HAL_RCCEx_PeriphCLKConfig                0x080016f1   Thumb Code   258  stm32f1xx_hal_rcc_ex.o(.text.HAL_RCCEx_PeriphCLKConfig)
    HAL_RCC_ClockConfig                      0x080017f5   Thumb Code   442  stm32f1xx_hal_rcc.o(.text.HAL_RCC_ClockConfig)
    HAL_RCC_GetPCLK1Freq                     0x080019b1   Thumb Code    38  stm32f1xx_hal_rcc.o(.text.HAL_RCC_GetPCLK1Freq)
    HAL_RCC_GetPCLK2Freq                     0x080019d9   Thumb Code    38  stm32f1xx_hal_rcc.o(.text.HAL_RCC_GetPCLK2Freq)
    HAL_RCC_OscConfig                        0x08001a01   Thumb Code  1024  stm32f1xx_hal_rcc.o(.text.HAL_RCC_OscConfig)
    HAL_SPI_Init                             0x08001e01   Thumb Code   168  stm32f1xx_hal_spi.o(.text.HAL_SPI_Init)
    HAL_SPI_MspInit                          0x08001ea9   Thumb Code   126  spi.o(.text.HAL_SPI_MspInit)
    HAL_SPI_Transmit                         0x08001f29   Thumb Code   506  stm32f1xx_hal_spi.o(.text.HAL_SPI_Transmit)
    HAL_SYSTICK_Config                       0x08002125   Thumb Code    44  stm32f1xx_hal_cortex.o(.text.HAL_SYSTICK_Config)
    HAL_TIMEx_MasterConfigSynchronization    0x08002151   Thumb Code   126  stm32f1xx_hal_tim_ex.o(.text.HAL_TIMEx_MasterConfigSynchronization)
    HAL_TIM_Base_Init                        0x080021d1   Thumb Code   250  stm32f1xx_hal_tim.o(.text.HAL_TIM_Base_Init)
    HAL_TIM_Base_MspInit                     0x080022cd   Thumb Code    48  tim.o(.text.HAL_TIM_Base_MspInit)
    HAL_TIM_Base_Start                       0x080022fd   Thumb Code   102  stm32f1xx_hal_tim.o(.text.HAL_TIM_Base_Start)
    HAL_TIM_ConfigClockSource                0x08002365   Thumb Code   416  stm32f1xx_hal_tim.o(.text.HAL_TIM_ConfigClockSource)
    HAL_UARTEx_RxEventCallback               0x08002505   Thumb Code     2  stm32f1xx_hal_uart.o(.text.HAL_UARTEx_RxEventCallback)
    HAL_UART_ErrorCallback                   0x08002509   Thumb Code     2  stm32f1xx_hal_uart.o(.text.HAL_UART_ErrorCallback)
    HAL_UART_IRQHandler                      0x0800250d   Thumb Code  1392  stm32f1xx_hal_uart.o(.text.HAL_UART_IRQHandler)
    HAL_UART_Init                            0x08002a7d   Thumb Code   226  stm32f1xx_hal_uart.o(.text.HAL_UART_Init)
    HAL_UART_MspInit                         0x08002b61   Thumb Code   142  usart.o(.text.HAL_UART_MspInit)
    HAL_UART_RxCpltCallback                  0x08002bf1   Thumb Code     2  stm32f1xx_hal_uart.o(.text.HAL_UART_RxCpltCallback)
    HAL_UART_Transmit                        0x08002bf5   Thumb Code   402  stm32f1xx_hal_uart.o(.text.HAL_UART_Transmit)
    HAL_UART_TxCpltCallback                  0x08002d89   Thumb Code     2  stm32f1xx_hal_uart.o(.text.HAL_UART_TxCpltCallback)
    HardFault_Handler                        0x08002d8d   Thumb Code     2  stm32f1xx_it.o(.text.HardFault_Handler)
    LCD_Clear                                0x08002d91   Thumb Code   232  lcd.o(.text.LCD_Clear)
    LCD_Direction                            0x08002e79   Thumb Code   172  lcd.o(.text.LCD_Direction)
    LCD_Init                                 0x08002f25   Thumb Code  5332  lcd.o(.text.LCD_Init)
    LCD_SetWindows                           0x080043f9   Thumb Code   680  lcd.o(.text.LCD_SetWindows)
    LCD_ShowChar                             0x080046a1   Thumb Code   306  lcd.o(.text.LCD_ShowChar)
    MX_ADC1_Init                             0x080047d5   Thumb Code    88  adc.o(.text.MX_ADC1_Init)
    MX_DMA_Init                              0x0800482d   Thumb Code    52  dma.o(.text.MX_DMA_Init)
    MX_GPIO_Init                             0x08004861   Thumb Code   150  gpio.o(.text.MX_GPIO_Init)
    MX_SPI2_Init                             0x080048f9   Thumb Code    70  spi.o(.text.MX_SPI2_Init)
    MX_TIM3_Init                             0x08004941   Thumb Code   118  tim.o(.text.MX_TIM3_Init)
    MX_USART1_UART_Init                      0x080049b9   Thumb Code    60  usart.o(.text.MX_USART1_UART_Init)
    MemManage_Handler                        0x080049f5   Thumb Code     2  stm32f1xx_it.o(.text.MemManage_Handler)
    NMI_Handler                              0x080049f9   Thumb Code     2  stm32f1xx_it.o(.text.NMI_Handler)
    PendSV_Handler                           0x080049fd   Thumb Code     2  stm32f1xx_it.o(.text.PendSV_Handler)
    SVC_Handler                              0x08004b21   Thumb Code     2  stm32f1xx_it.o(.text.SVC_Handler)
    SysTick_Handler                          0x08004b25   Thumb Code     4  stm32f1xx_it.o(.text.SysTick_Handler)
    SystemInit                               0x08004b29   Thumb Code     2  system_stm32f1xx.o(.text.SystemInit)
    USART1_IRQHandler                        0x08004c39   Thumb Code    12  stm32f1xx_it.o(.text.USART1_IRQHandler)
    UsageFault_Handler                       0x08004c45   Thumb Code     2  stm32f1xx_it.o(.text.UsageFault_Handler)
    arm_cfft_f32                             0x08004c49   Thumb Code  3554  transformfunctions.o(.text.arm_cfft_f32)
    arm_cfft_init_1024_f32                   0x08005a2d   Thumb Code    34  transformfunctions.o(.text.arm_cfft_init_1024_f32)
    arm_cmplx_mag_f32                        0x08005a51   Thumb Code   350  complexmathfunctions.o(.text.arm_cmplx_mag_f32)
    arm_max_f32                              0x08005bb1   Thumb Code   414  statisticsfunctions.o(.text.arm_max_f32)
    arm_radix8_butterfly_f32                 0x08005d51   Thumb Code  2266  transformfunctions.o(.text.arm_radix8_butterfly_f32)
    fputc                                    0x0800662d   Thumb Code    32  main.o(.text.fputc)
    main                                     0x0800664d   Thumb Code   744  main.o(.text.main)
    __0printf                                0x08006945   Thumb Code    22  printfa.o(i.__0printf)
    __1printf                                0x08006945   Thumb Code     0  printfa.o(i.__0printf)
    __2printf                                0x08006945   Thumb Code     0  printfa.o(i.__0printf)
    __c89printf                              0x08006945   Thumb Code     0  printfa.o(i.__0printf)
    printf                                   0x08006945   Thumb Code     0  printfa.o(i.__0printf)
    __scatterload_copy                       0x08006965   Thumb Code    14  handlers.o(i.__scatterload_copy)
    __scatterload_null                       0x08006973   Thumb Code     2  handlers.o(i.__scatterload_null)
    __scatterload_zeroinit                   0x08006975   Thumb Code    14  handlers.o(i.__scatterload_zeroinit)
    __set_errno                              0x08006985   Thumb Code     6  errno.o(i.__set_errno)
    sqrtf                                    0x08007243   Thumb Code    44  sqrtf.o(i.sqrtf)
    AHBPrescTable                            0x0800726e   Data          16  system_stm32f1xx.o(.rodata.AHBPrescTable)
    APBPrescTable                            0x0800727e   Data           8  system_stm32f1xx.o(.rodata.APBPrescTable)
    armBitRevIndexTable1024                  0x08007288   Data        3600  commontables.o(.rodata.armBitRevIndexTable1024)
    arm_cfft_sR_f32_len1024                  0x08008098   Data          16  commontables.o(.rodata.arm_cfft_sR_f32_len1024)
    twiddleCoef_1024                         0x08008774   Data        8192  commontables.o(.rodata.twiddleCoef_1024)
    Region$$Table$$Base                      0x0800a774   Number         0  anon$$obj.o(Region$$Table)
    Region$$Table$$Limit                     0x0800a794   Number         0  anon$$obj.o(Region$$Table)
    __stdout                                 0x20000000   Data           4  stdout.o(.data)
    uwTickFreq                               0x20000008   Data           1  stm32f1xx_hal.o(.data..L_MergedGlobals)
    uwTickPrio                               0x2000000c   Data           4  stm32f1xx_hal.o(.data..L_MergedGlobals)
    SystemCoreClock                          0x20000010   Data           4  system_stm32f1xx.o(.data.SystemCoreClock)
    fftSize                                  0x20000014   Data           4  main.o(.data.fftSize)
    POINT_COLOR                              0x20000018   Data           2  lcd.o(.bss..L_MergedGlobals)
    lcd_dev                                  0x2000001a   Data          14  lcd.o(.bss..L_MergedGlobals)
    adcFlag                                  0x20000028   Data           1  main.o(.bss..L_MergedGlobals)
    voltage                                  0x2000002c   Data           4  main.o(.bss..L_MergedGlobals)
    adcBuffer                                0x20000030   Data           4  main.o(.bss..L_MergedGlobals)
    varInstCfftF32                           0x20000034   Data          16  main.o(.bss..L_MergedGlobals)
    hadc1                                    0x20003044   Data          48  adc.o(.bss.hadc1)
    hdma_adc1                                0x20003074   Data          68  adc.o(.bss.hdma_adc1)
    hspi2                                    0x200030b8   Data          88  spi.o(.bss.hspi2)
    htim3                                    0x20003110   Data          72  tim.o(.bss.htim3)
    huart1                                   0x20003158   Data          72  usart.o(.bss.huart1)
    uwTick                                   0x200031a0   Data           4  stm32f1xx_hal.o(.bss.uwTick)
    __initial_sp                             0x200035a8   Data           0  startup_stm32f103xb.o(STACK)



==============================================================================

Memory Map of the image

  Image Entry point : 0x080000ed

  Load Region LR_IROM1 (Base: 0x08000000, Size: 0x0000a7b0, Max: 0x00010000, ABSOLUTE)

    Execution Region ER_IROM1 (Exec base: 0x08000000, Load base: 0x08000000, Size: 0x0000a794, Max: 0x00010000, ABSOLUTE)

    Exec Addr    Load Addr    Size         Type   Attr      Idx    E Section Name        Object

    0x08000000   0x08000000   0x000000ec   Data   RO            3    RESET               startup_stm32f103xb.o
    0x080000ec   0x080000ec   0x00000000   Code   RO         3251  * .ARM.Collect$$$$00000000  mc_w.l(entry.o)
    0x080000ec   0x080000ec   0x00000004   Code   RO         3630    .ARM.Collect$$$$00000001  mc_w.l(entry2.o)
    0x080000f0   0x080000f0   0x00000004   Code   RO         3633    .ARM.Collect$$$$00000004  mc_w.l(entry5.o)
    0x080000f4   0x080000f4   0x00000000   Code   RO         3635    .ARM.Collect$$$$00000008  mc_w.l(entry7b.o)
    0x080000f4   0x080000f4   0x00000000   Code   RO         3637    .ARM.Collect$$$$0000000A  mc_w.l(entry8b.o)
    0x080000f4   0x080000f4   0x00000008   Code   RO         3638    .ARM.Collect$$$$0000000B  mc_w.l(entry9a.o)
    0x080000fc   0x080000fc   0x00000000   Code   RO         3640    .ARM.Collect$$$$0000000D  mc_w.l(entry10a.o)
    0x080000fc   0x080000fc   0x00000000   Code   RO         3642    .ARM.Collect$$$$0000000F  mc_w.l(entry11a.o)
    0x080000fc   0x080000fc   0x00000004   Code   RO         3631    .ARM.Collect$$$$00002712  mc_w.l(entry2.o)
    0x08000100   0x08000100   0x00000024   Code   RO            4    .text               startup_stm32f103xb.o
    0x08000124   0x08000124   0x00000062   Code   RO         3254    .text               mc_w.l(uldiv.o)
    0x08000186   0x08000186   0x000000b0   Code   RO         3525    .text               mf_w.l(fadd.o)
    0x08000236   0x08000236   0x00000064   Code   RO         3527    .text               mf_w.l(fmul.o)
    0x0800029a   0x0800029a   0x0000007c   Code   RO         3529    .text               mf_w.l(fdiv.o)
    0x08000316   0x08000316   0x0000014e   Code   RO         3531    .text               mf_w.l(dadd.o)
    0x08000464   0x08000464   0x000000e4   Code   RO         3533    .text               mf_w.l(dmul.o)
    0x08000548   0x08000548   0x000000de   Code   RO         3535    .text               mf_w.l(ddiv.o)
    0x08000626   0x08000626   0x0000001c   Code   RO         3539    .text               mf_w.l(fcmplt.o)
    0x08000642   0x08000642   0x0000001c   Code   RO         3541    .text               mf_w.l(fcmpge.o)
    0x0800065e   0x0800065e   0x0000000a   Code   RO         3557    .text               mf_w.l(ffltui.o)
    0x08000668   0x08000668   0x0000001a   Code   RO         3561    .text               mf_w.l(dfltui.o)
    0x08000682   0x08000682   0x00000026   Code   RO         3571    .text               mf_w.l(f2d.o)
    0x080006a8   0x080006a8   0x00000038   Code   RO         3573    .text               mf_w.l(d2f.o)
    0x080006e0   0x080006e0   0x0000002c   Code   RO         3654    .text               mc_w.l(uidiv.o)
    0x0800070c   0x0800070c   0x0000001e   Code   RO         3656    .text               mc_w.l(llshl.o)
    0x0800072a   0x0800072a   0x00000020   Code   RO         3658    .text               mc_w.l(llushr.o)
    0x0800074a   0x0800074a   0x00000024   Code   RO         3660    .text               mc_w.l(llsshr.o)
    0x0800076e   0x0800076e   0x00000000   Code   RO         3669    .text               mc_w.l(iusefp.o)
    0x0800076e   0x0800076e   0x0000006e   Code   RO         3670    .text               mf_w.l(fepilogue.o)
    0x080007dc   0x080007dc   0x0000005e   Code   RO         3674    .text               mf_w.l(fsqrt.o)
    0x0800083a   0x0800083a   0x000000ba   Code   RO         3678    .text               mf_w.l(depilogue.o)
    0x080008f4   0x080008f4   0x00000030   Code   RO         3684    .text               mf_w.l(dfixul.o)
    0x08000924   0x08000924   0x00000030   Code   RO         3690    .text               mf_w.l(cdrcmple.o)
    0x08000954   0x08000954   0x00000030   Code   RO         3694    .text               mc_w.l(init.o)
    0x08000984   0x08000984   0x00000052   Code   RO          234    .text.ADC_DMAConvCplt  stm32f1xx_hal_adc.o
    0x080009d6   0x080009d6   0x00000002   PAD
    0x080009d8   0x080009d8   0x00000016   Code   RO          238    .text.ADC_DMAError  stm32f1xx_hal_adc.o
    0x080009ee   0x080009ee   0x00000002   PAD
    0x080009f0   0x080009f0   0x00000006   Code   RO          236    .text.ADC_DMAHalfConvCplt  stm32f1xx_hal_adc.o
    0x080009f6   0x080009f6   0x00000002   PAD
    0x080009f8   0x080009f8   0x000000ae   Code   RO          220    .text.ADC_Enable    stm32f1xx_hal_adc.o
    0x08000aa6   0x08000aa6   0x00000002   PAD
    0x08000aa8   0x08000aa8   0x00000002   Code   RO          162    .text.BusFault_Handler  stm32f1xx_it.o
    0x08000aaa   0x08000aaa   0x00000002   PAD
    0x08000aac   0x08000aac   0x0000000c   Code   RO          174    .text.DMA1_Channel1_IRQHandler  stm32f1xx_it.o
    0x08000ab8   0x08000ab8   0x00000002   Code   RO          168    .text.DebugMon_Handler  stm32f1xx_it.o
    0x08000aba   0x08000aba   0x00000002   PAD
    0x08000abc   0x08000abc   0x0000000a   Code   RO           53    .text.Error_Handler  main.o
    0x08000ac6   0x08000ac6   0x00000002   PAD
    0x08000ac8   0x08000ac8   0x0000013e   Code   RO          254    .text.HAL_ADC_ConfigChannel  stm32f1xx_hal_adc.o
    0x08000c06   0x08000c06   0x00000002   PAD
    0x08000c08   0x08000c08   0x00000038   Code   RO           59    .text.HAL_ADC_ConvCpltCallback  main.o
    0x08000c40   0x08000c40   0x00000002   Code   RO          250    .text.HAL_ADC_ConvHalfCpltCallback  stm32f1xx_hal_adc.o
    0x08000c42   0x08000c42   0x00000002   PAD
    0x08000c44   0x08000c44   0x00000002   Code   RO          252    .text.HAL_ADC_ErrorCallback  stm32f1xx_hal_adc.o
    0x08000c46   0x08000c46   0x00000002   PAD
    0x08000c48   0x08000c48   0x00000158   Code   RO          208    .text.HAL_ADC_Init  stm32f1xx_hal_adc.o
    0x08000da0   0x08000da0   0x000000a8   Code   RO           88    .text.HAL_ADC_MspInit  adc.o
    0x08000e48   0x08000e48   0x00000128   Code   RO          232    .text.HAL_ADC_Start_DMA  stm32f1xx_hal_adc.o
    0x08000f70   0x08000f70   0x00000046   Code   RO          448    .text.HAL_DMA_Abort  stm32f1xx_hal_dma.o
    0x08000fb6   0x08000fb6   0x00000002   PAD
    0x08000fb8   0x08000fb8   0x000000b6   Code   RO          450    .text.HAL_DMA_Abort_IT  stm32f1xx_hal_dma.o
    0x0800106e   0x0800106e   0x00000002   PAD
    0x08001070   0x08001070   0x000001a0   Code   RO          454    .text.HAL_DMA_IRQHandler  stm32f1xx_hal_dma.o
    0x08001210   0x08001210   0x00000084   Code   RO          440    .text.HAL_DMA_Init  stm32f1xx_hal_dma.o
    0x08001294   0x08001294   0x000000a0   Code   RO          446    .text.HAL_DMA_Start_IT  stm32f1xx_hal_dma.o
    0x08001334   0x08001334   0x00000028   Code   RO          324    .text.HAL_Delay     stm32f1xx_hal.o
    0x0800135c   0x0800135c   0x0000020e   Code   RO          416    .text.HAL_GPIO_Init  stm32f1xx_hal_gpio.o
    0x0800156a   0x0800156a   0x00000002   PAD
    0x0800156c   0x0800156c   0x0000000a   Code   RO          422    .text.HAL_GPIO_WritePin  stm32f1xx_hal_gpio.o
    0x08001576   0x08001576   0x00000002   PAD
    0x08001578   0x08001578   0x0000000c   Code   RO          316    .text.HAL_GetTick   stm32f1xx_hal.o
    0x08001584   0x08001584   0x0000001a   Code   RO          314    .text.HAL_IncTick   stm32f1xx_hal.o
    0x0800159e   0x0800159e   0x00000002   PAD
    0x080015a0   0x080015a0   0x00000026   Code   RO          304    .text.HAL_Init      stm32f1xx_hal.o
    0x080015c6   0x080015c6   0x00000002   PAD
    0x080015c8   0x080015c8   0x00000048   Code   RO          306    .text.HAL_InitTick  stm32f1xx_hal.o
    0x08001610   0x08001610   0x00000042   Code   RO          185    .text.HAL_MspInit   stm32f1xx_hal_msp.o
    0x08001652   0x08001652   0x00000002   PAD
    0x08001654   0x08001654   0x00000022   Code   RO          476    .text.HAL_NVIC_EnableIRQ  stm32f1xx_hal_cortex.o
    0x08001676   0x08001676   0x00000002   PAD
    0x08001678   0x08001678   0x00000056   Code   RO          474    .text.HAL_NVIC_SetPriority  stm32f1xx_hal_cortex.o
    0x080016ce   0x080016ce   0x00000002   PAD
    0x080016d0   0x080016d0   0x00000020   Code   RO          472    .text.HAL_NVIC_SetPriorityGrouping  stm32f1xx_hal_cortex.o
    0x080016f0   0x080016f0   0x00000102   Code   RO          402    .text.HAL_RCCEx_PeriphCLKConfig  stm32f1xx_hal_rcc_ex.o
    0x080017f2   0x080017f2   0x00000002   PAD
    0x080017f4   0x080017f4   0x000001ba   Code   RO          368    .text.HAL_RCC_ClockConfig  stm32f1xx_hal_rcc.o
    0x080019ae   0x080019ae   0x00000002   PAD
    0x080019b0   0x080019b0   0x00000026   Code   RO          380    .text.HAL_RCC_GetPCLK1Freq  stm32f1xx_hal_rcc.o
    0x080019d6   0x080019d6   0x00000002   PAD
    0x080019d8   0x080019d8   0x00000026   Code   RO          382    .text.HAL_RCC_GetPCLK2Freq  stm32f1xx_hal_rcc.o
    0x080019fe   0x080019fe   0x00000002   PAD
    0x08001a00   0x08001a00   0x00000400   Code   RO          366    .text.HAL_RCC_OscConfig  stm32f1xx_hal_rcc.o
    0x08001e00   0x08001e00   0x000000a8   Code   RO          637    .text.HAL_SPI_Init  stm32f1xx_hal_spi.o
    0x08001ea8   0x08001ea8   0x0000007e   Code   RO          113    .text.HAL_SPI_MspInit  spi.o
    0x08001f26   0x08001f26   0x00000002   PAD
    0x08001f28   0x08001f28   0x000001fa   Code   RO          645    .text.HAL_SPI_Transmit  stm32f1xx_hal_spi.o
    0x08002122   0x08002122   0x00000002   PAD
    0x08002124   0x08002124   0x0000002c   Code   RO          484    .text.HAL_SYSTICK_Config  stm32f1xx_hal_cortex.o
    0x08002150   0x08002150   0x0000007e   Code   RO         1046    .text.HAL_TIMEx_MasterConfigSynchronization  stm32f1xx_hal_tim_ex.o
    0x080021ce   0x080021ce   0x00000002   PAD
    0x080021d0   0x080021d0   0x000000fa   Code   RO          751    .text.HAL_TIM_Base_Init  stm32f1xx_hal_tim.o
    0x080022ca   0x080022ca   0x00000002   PAD
    0x080022cc   0x080022cc   0x00000030   Code   RO          128    .text.HAL_TIM_Base_MspInit  tim.o
    0x080022fc   0x080022fc   0x00000066   Code   RO          761    .text.HAL_TIM_Base_Start  stm32f1xx_hal_tim.o
    0x08002362   0x08002362   0x00000002   PAD
    0x08002364   0x08002364   0x000001a0   Code   RO          931    .text.HAL_TIM_ConfigClockSource  stm32f1xx_hal_tim.o
    0x08002504   0x08002504   0x00000002   Code   RO         1154    .text.HAL_UARTEx_RxEventCallback  stm32f1xx_hal_uart.o
    0x08002506   0x08002506   0x00000002   PAD
    0x08002508   0x08002508   0x00000002   Code   RO         1152    .text.HAL_UART_ErrorCallback  stm32f1xx_hal_uart.o
    0x0800250a   0x0800250a   0x00000002   PAD
    0x0800250c   0x0800250c   0x00000570   Code   RO         1146    .text.HAL_UART_IRQHandler  stm32f1xx_hal_uart.o
    0x08002a7c   0x08002a7c   0x000000e2   Code   RO         1070    .text.HAL_UART_Init  stm32f1xx_hal_uart.o
    0x08002b5e   0x08002b5e   0x00000002   PAD
    0x08002b60   0x08002b60   0x0000008e   Code   RO          143    .text.HAL_UART_MspInit  usart.o
    0x08002bee   0x08002bee   0x00000002   PAD
    0x08002bf0   0x08002bf0   0x00000002   Code   RO         1160    .text.HAL_UART_RxCpltCallback  stm32f1xx_hal_uart.o
    0x08002bf2   0x08002bf2   0x00000002   PAD
    0x08002bf4   0x08002bf4   0x00000192   Code   RO         1084    .text.HAL_UART_Transmit  stm32f1xx_hal_uart.o
    0x08002d86   0x08002d86   0x00000002   PAD
    0x08002d88   0x08002d88   0x00000002   Code   RO         1156    .text.HAL_UART_TxCpltCallback  stm32f1xx_hal_uart.o
    0x08002d8a   0x08002d8a   0x00000002   PAD
    0x08002d8c   0x08002d8c   0x00000002   Code   RO          158    .text.HardFault_Handler  stm32f1xx_it.o
    0x08002d8e   0x08002d8e   0x00000002   PAD
    0x08002d90   0x08002d90   0x000000e8   Code   RO           27    .text.LCD_Clear     lcd.o
    0x08002e78   0x08002e78   0x000000ac   Code   RO           33    .text.LCD_Direction  lcd.o
    0x08002f24   0x08002f24   0x000014d4   Code   RO           31    .text.LCD_Init      lcd.o
    0x080043f8   0x080043f8   0x000002a8   Code   RO           21    .text.LCD_SetWindows  lcd.o
    0x080046a0   0x080046a0   0x00000132   Code   RO           35    .text.LCD_ShowChar  lcd.o
    0x080047d2   0x080047d2   0x00000002   PAD
    0x080047d4   0x080047d4   0x00000058   Code   RO           86    .text.MX_ADC1_Init  adc.o
    0x0800482c   0x0800482c   0x00000034   Code   RO          102    .text.MX_DMA_Init   dma.o
    0x08004860   0x08004860   0x00000096   Code   RO           77    .text.MX_GPIO_Init  gpio.o
    0x080048f6   0x080048f6   0x00000002   PAD
    0x080048f8   0x080048f8   0x00000046   Code   RO          111    .text.MX_SPI2_Init  spi.o
    0x0800493e   0x0800493e   0x00000002   PAD
    0x08004940   0x08004940   0x00000076   Code   RO          126    .text.MX_TIM3_Init  tim.o
    0x080049b6   0x080049b6   0x00000002   PAD
    0x080049b8   0x080049b8   0x0000003c   Code   RO          141    .text.MX_USART1_UART_Init  usart.o
    0x080049f4   0x080049f4   0x00000002   Code   RO          160    .text.MemManage_Handler  stm32f1xx_it.o
    0x080049f6   0x080049f6   0x00000002   PAD
    0x080049f8   0x080049f8   0x00000002   Code   RO          156    .text.NMI_Handler   stm32f1xx_it.o
    0x080049fa   0x080049fa   0x00000002   PAD
    0x080049fc   0x080049fc   0x00000002   Code   RO          170    .text.PendSV_Handler  stm32f1xx_it.o
    0x080049fe   0x080049fe   0x00000002   PAD
    0x08004a00   0x08004a00   0x00000120   Code   RO          741    .text.SPI_WaitFlagStateUntilTimeout  stm32f1xx_hal_spi.o
    0x08004b20   0x08004b20   0x00000002   Code   RO          166    .text.SVC_Handler   stm32f1xx_it.o
    0x08004b22   0x08004b22   0x00000002   PAD
    0x08004b24   0x08004b24   0x00000004   Code   RO          172    .text.SysTick_Handler  stm32f1xx_it.o
    0x08004b28   0x08004b28   0x00000002   Code   RO         1190    .text.SystemInit    system_stm32f1xx.o
    0x08004b2a   0x08004b2a   0x00000002   PAD
    0x08004b2c   0x08004b2c   0x0000000c   Code   RO         1150    .text.UART_DMAAbortOnError  stm32f1xx_hal_uart.o
    0x08004b38   0x08004b38   0x000000fe   Code   RO         1148    .text.UART_Receive_IT  stm32f1xx_hal_uart.o
    0x08004c36   0x08004c36   0x00000002   PAD
    0x08004c38   0x08004c38   0x0000000c   Code   RO          176    .text.USART1_IRQHandler  stm32f1xx_it.o
    0x08004c44   0x08004c44   0x00000002   Code   RO          164    .text.UsageFault_Handler  stm32f1xx_it.o
    0x08004c46   0x08004c46   0x00000002   PAD
    0x08004c48   0x08004c48   0x00000de2   Code   RO         2695    .text.arm_cfft_f32  transformfunctions.o
    0x08005a2a   0x08005a2a   0x00000002   PAD
    0x08005a2c   0x08005a2c   0x00000022   Code   RO         2727    .text.arm_cfft_init_1024_f32  transformfunctions.o
    0x08005a4e   0x08005a4e   0x00000002   PAD
    0x08005a50   0x08005a50   0x0000015e   Code   RO         1610    .text.arm_cmplx_mag_f32  complexmathfunctions.o
    0x08005bae   0x08005bae   0x00000002   PAD
    0x08005bb0   0x08005bb0   0x0000019e   Code   RO         2369    .text.arm_max_f32   statisticsfunctions.o
    0x08005d4e   0x08005d4e   0x00000002   PAD
    0x08005d50   0x08005d50   0x000008da   Code   RO         2697    .text.arm_radix8_butterfly_f32  transformfunctions.o
    0x0800662a   0x0800662a   0x00000002   PAD
    0x0800662c   0x0800662c   0x00000020   Code   RO           55    .text.fputc         main.o
    0x0800664c   0x0800664c   0x000002f8   Code   RO           49    .text.main          main.o
    0x08006944   0x08006944   0x00000020   Code   RO         3497    i.__0printf         mc_w.l(printfa.o)
    0x08006964   0x08006964   0x0000000e   Code   RO         3698    i.__scatterload_copy  mc_w.l(handlers.o)
    0x08006972   0x08006972   0x00000002   Code   RO         3699    i.__scatterload_null  mc_w.l(handlers.o)
    0x08006974   0x08006974   0x0000000e   Code   RO         3700    i.__scatterload_zeroinit  mc_w.l(handlers.o)
    0x08006982   0x08006982   0x00000002   PAD
    0x08006984   0x08006984   0x0000000c   Code   RO         3664    i.__set_errno       mc_w.l(errno.o)
    0x08006990   0x08006990   0x00000184   Code   RO         3504    i._fp_digits        mc_w.l(printfa.o)
    0x08006b14   0x08006b14   0x000006dc   Code   RO         3505    i._printf_core      mc_w.l(printfa.o)
    0x080071f0   0x080071f0   0x00000024   Code   RO         3506    i._printf_post_padding  mc_w.l(printfa.o)
    0x08007214   0x08007214   0x0000002e   Code   RO         3507    i._printf_pre_padding  mc_w.l(printfa.o)
    0x08007242   0x08007242   0x0000002c   Code   RO         3244    i.sqrtf             m_ws.l(sqrtf.o)
    0x0800726e   0x0800726e   0x00000010   Data   RO         1195    .rodata.AHBPrescTable  system_stm32f1xx.o
    0x0800727e   0x0800727e   0x00000008   Data   RO         1196    .rodata.APBPrescTable  system_stm32f1xx.o
    0x08007286   0x08007286   0x00000002   Data   RO          393    .rodata.HAL_RCC_GetSysClockFreq.aPredivFactorTable  stm32f1xx_hal_rcc.o
    0x08007288   0x08007288   0x00000e10   Data   RO         1427    .rodata.armBitRevIndexTable1024  commontables.o
    0x08008098   0x08008098   0x00000010   Data   RO         1507    .rodata.arm_cfft_sR_f32_len1024  commontables.o
    0x080080a8   0x080080a8   0x000005f0   Data   RO           39    .rodata.asc2_1608   lcd.o
    0x08008698   0x08008698   0x00000010   Data   RO          392    .rodata.cst16       stm32f1xx_hal_rcc.o
    0x080086a8   0x080086a8   0x000000cc   Data   RO           66    .rodata.freqTable   main.o
    0x08008774   0x08008774   0x00002000   Data   RO         1391    .rodata.twiddleCoef_1024  commontables.o
    0x0800a774   0x0800a774   0x00000020   Data   RO         3697    Region$$Table       anon$$obj.o


    Execution Region RW_IRAM1 (Exec base: 0x20000000, Load base: 0x0800a798, Size: 0x000035a8, Max: 0x00005000, ABSOLUTE)

    Exec Addr    Load Addr    Size         Type   Attr      Idx    E Section Name        Object

    0x20000000   0x0800a798   0x00000004   Data   RW         3644    .data               mc_w.l(stdout.o)
    0x20000004   0x0800a79c   0x00000004   Data   RW         3665    .data               mc_w.l(errno.o)
    0x20000008   0x0800a7a0   0x00000008   Data   RW          355    .data..L_MergedGlobals  stm32f1xx_hal.o
    0x20000010   0x0800a7a8   0x00000004   Data   RW         1194    .data.SystemCoreClock  system_stm32f1xx.o
    0x20000014   0x0800a7ac   0x00000004   Data   RW           63    .data.fftSize       main.o
    0x20000018        -       0x00000010   Zero   RW           40    .bss..L_MergedGlobals  lcd.o
    0x20000028        -       0x0000001c   Zero   RW           68    .bss..L_MergedGlobals  main.o
    0x20000044        -       0x00002000   Zero   RW           64    .bss.frame          main.o
    0x20002044        -       0x00001000   Zero   RW           65    .bss.freqBins       main.o
    0x20003044        -       0x00000030   Zero   RW           92    .bss.hadc1          adc.o
    0x20003074        -       0x00000044   Zero   RW           93    .bss.hdma_adc1      adc.o
    0x200030b8        -       0x00000058   Zero   RW          117    .bss.hspi2          spi.o
    0x20003110        -       0x00000048   Zero   RW          132    .bss.htim3          tim.o
    0x20003158        -       0x00000048   Zero   RW          147    .bss.huart1         usart.o
    0x200031a0        -       0x00000004   Zero   RW          354    .bss.uwTick         stm32f1xx_hal.o
    0x200031a4   0x0800a7b0   0x00000004   PAD
    0x200031a8        -       0x00000400   Zero   RW            1    STACK               startup_stm32f103xb.o


==============================================================================

Image component sizes


      Code (inc. data)   RO Data    RW Data    ZI Data      Debug   Object Name

       256          0          0          0        116       4242   adc.o
         0          0      11808          0          0      10700   commontables.o
       350          0          0          0          0      27077   complexmathfunctions.o
        52          0          0          0          0       2171   dma.o
       150          0          0          0          0       1557   gpio.o
      6722          0       1520          0         16      11121   lcd.o
       858         48        204          4      12316       9651   main.o
       196          0          0          0         88       4288   spi.o
        36          8        236          0       1024        760   startup_stm32f103xb.o
       414          0          0          0          0      69149   statisticsfunctions.o
       188          0          0          8          4       5756   stm32f1xx_hal.o
      1246          0          0          0          0      13527   stm32f1xx_hal_adc.o
       196          0          0          0          0       8411   stm32f1xx_hal_cortex.o
       960          0          0          0          0       8559   stm32f1xx_hal_dma.o
       536         22          0          0          0       4753   stm32f1xx_hal_gpio.o
        66          0          0          0          0       1197   stm32f1xx_hal_msp.o
      1542          0         18          0          0       8064   stm32f1xx_hal_rcc.o
       258          0          0          0          0       3668   stm32f1xx_hal_rcc_ex.o
       962          0          0          0          0      23551   stm32f1xx_hal_spi.o
       768          0          0          0          0      58568   stm32f1xx_hal_tim.o
       126          0          0          0          0      21209   stm32f1xx_hal_tim_ex.o
      2294          0          0          0          0      33149   stm32f1xx_hal_uart.o
        44          0          0          0          0       3977   stm32f1xx_it.o
         2          0         24          4          0       1575   system_stm32f1xx.o
       166          0          0          0         72       4646   tim.o
      5854          0          0          0          0     181869   transformfunctions.o
       202          0          0          0         72       5428   usart.o

    ----------------------------------------------------------------------
     24548         78      13842         16      13712     528623   Object Totals
         0          0         32          0          0          0   (incl. Generated)
       104          0          0          0          4          0   (incl. Padding)

    ----------------------------------------------------------------------

      Code (inc. data)   RO Data    RW Data    ZI Data      Debug   Library Member Name

        44          0          0          0          0         80   sqrtf.o
         0          0          0          0          0          0   entry.o
         0          0          0          0          0          0   entry10a.o
         0          0          0          0          0          0   entry11a.o
         8          4          0          0          0          0   entry2.o
         4          0          0          0          0          0   entry5.o
         0          0          0          0          0          0   entry7b.o
         0          0          0          0          0          0   entry8b.o
         8          4          0          0          0          0   entry9a.o
        12          6          0          4          0         68   errno.o
        30          0          0          0          0          0   handlers.o
        48         10          0          0          0         68   init.o
         0          0          0          0          0          0   iusefp.o
        30          0          0          0          0         68   llshl.o
        36          0          0          0          0         68   llsshr.o
        32          0          0          0          0         68   llushr.o
      2258         90          0          0          0        452   printfa.o
         0          0          0          4          0          0   stdout.o
        44          0          0          0          0         80   uidiv.o
        98          0          0          0          0         92   uldiv.o
        48          0          0          0          0         68   cdrcmple.o
        56          0          0          0          0         88   d2f.o
       334          0          0          0          0        148   dadd.o
       222          0          0          0          0        100   ddiv.o
       186          0          0          0          0        176   depilogue.o
        48          0          0          0          0         68   dfixul.o
        26          0          0          0          0         76   dfltui.o
       228          0          0          0          0         96   dmul.o
        38          0          0          0          0         68   f2d.o
       176          0          0          0          0        140   fadd.o
        28          0          0          0          0         68   fcmpge.o
        28          0          0          0          0         68   fcmplt.o
       124          0          0          0          0         88   fdiv.o
       110          0          0          0          0        168   fepilogue.o
        10          0          0          0          0         68   ffltui.o
       100          0          0          0          0         76   fmul.o
        94          0          0          0          0         96   fsqrt.o

    ----------------------------------------------------------------------
      4510        114          0          8          0       2704   Library Totals
         2          0          0          0          0          0   (incl. Padding)

    ----------------------------------------------------------------------

      Code (inc. data)   RO Data    RW Data    ZI Data      Debug   Library Name

        44          0          0          0          0         80   m_ws.l
      2608        114          0          8          0        964   mc_w.l
      1856          0          0          0          0       1660   mf_w.l

    ----------------------------------------------------------------------
      4510        114          0          8          0       2704   Library Totals

    ----------------------------------------------------------------------

==============================================================================


      Code (inc. data)   RO Data    RW Data    ZI Data      Debug   

     29058        192      13842         24      13712     529595   Grand Totals
     29058        192      13842         24      13712     529595   ELF Image Totals
     29058        192      13842         24          0          0   ROM Totals

==============================================================================

    Total RO  Size (Code + RO Data)                42900 (  41.89kB)
    Total RW  Size (RW Data + ZI Data)             13736 (  13.41kB)
    Total ROM Size (Code + RO Data + RW Data)      42924 (  41.92kB)

==============================================================================

